Mar 13 10:19:51 mnecas kernel: [    0.000000] Linux version 5.4.0-216-generic (buildd@lcy02-amd64-014) (gcc version 9.4.0 (Ubuntu 9.4.0-1ubuntu1~20.04.2)) #236-Ubuntu SMP Fri Apr 11 19:53:21 UTC 2025 (Ubuntu 5.4.0-216.236-generic 5.4.291)
Mar 13 10:19:51 mnecas kernel: [    0.000000] Command line: BOOT_IMAGE=/vmlinuz-5.4.0-216-generic root=/dev/mapper/ubuntu--vg-ubuntu--lv ro maybe-ubiquity
Mar 13 10:19:51 mnecas kernel: [    0.000000] KERNEL supported cpus:
Mar 13 10:19:51 mnecas kernel: [    0.000000]   Intel GenuineIntel
Mar 13 10:19:51 mnecas kernel: [    0.000000]   AMD AuthenticAMD
Mar 13 10:19:51 mnecas kernel: [    0.000000]   Hygon HygonGenuine
Mar 13 10:19:51 mnecas kernel: [    0.000000]   Centaur CentaurHauls
Mar 13 10:19:51 mnecas kernel: [    0.000000]   zhaoxin   Shanghai  
Mar 13 10:19:51 mnecas kernel: [    0.000000] BIOS-provided physical RAM map:
Mar 13 10:19:51 mnecas kernel: [    0.000000] BIOS-e820: [mem 0x0000000000000000-0x000000000009fbff] usable
Mar 13 10:19:51 mnecas kernel: [    0.000000] BIOS-e820: [mem 0x000000000009fc00-0x000000000009ffff] reserved
Mar 13 10:19:51 mnecas kernel: [    0.000000] BIOS-e820: [mem 0x00000000000f0000-0x00000000000fffff] reserved
Mar 13 10:19:51 mnecas kernel: [    0.000000] BIOS-e820: [mem 0x0000000000100000-0x000000007ffdbfff] usable
Mar 13 10:19:51 mnecas kernel: [    0.000000] BIOS-e820: [mem 0x000000007ffdc000-0x000000007fffffff] reserved
Mar 13 10:19:51 mnecas kernel: [    0.000000] BIOS-e820: [mem 0x00000000b0000000-0x00000000bfffffff] reserved
Mar 13 10:19:51 mnecas kernel: [    0.000000] BIOS-e820: [mem 0x00000000fed1c000-0x00000000fed1ffff] reserved
Mar 13 10:19:51 mnecas kernel: [    0.000000] BIOS-e820: [mem 0x00000000feffc000-0x00000000feffffff] reserved
Mar 13 10:19:51 mnecas kernel: [    0.000000] BIOS-e820: [mem 0x00000000fffc0000-0x00000000ffffffff] reserved
Mar 13 10:19:51 mnecas kernel: [    0.000000] BIOS-e820: [mem 0x0000000100000000-0x000000017fffffff] usable
Mar 13 10:19:51 mnecas kernel: [    0.000000] NX (Execute Disable) protection: active
Mar 13 10:19:51 mnecas kernel: [    0.000000] SMBIOS 2.8 present.
Mar 13 10:19:51 mnecas kernel: [    0.000000] DMI: QEMU Standard PC (Q35 + ICH9, 2009), BIOS 1.17.0-9.fc43 06/10/2025
Mar 13 10:19:51 mnecas kernel: [    0.000000] Hypervisor detected: KVM
Mar 13 10:19:51 mnecas kernel: [    0.000000] kvm-clock: Using msrs 4b564d01 and 4b564d00
Mar 13 10:19:51 mnecas kernel: [    0.000000] kvm-clock: cpu 0, msr 1b401001, primary cpu clock
Mar 13 10:19:51 mnecas kernel: [    0.000000] kvm-clock: using sched offset of 2037328872 cycles
Mar 13 10:19:51 mnecas kernel: [    0.000004] clocksource: kvm-clock: mask: 0xffffffffffffffff max_cycles: 0x1cd42e4dffb, max_idle_ns: 881590591483 ns
Mar 13 10:19:51 mnecas kernel: [    0.000007] tsc: Detected 3072.000 MHz processor
Mar 13 10:19:51 mnecas kernel: [    0.002531] e820: update [mem 0x00000000-0x00000fff] usable ==> reserved
Mar 13 10:19:51 mnecas kernel: [    0.002533] e820: remove [mem 0x000a0000-0x000fffff] usable
Mar 13 10:19:51 mnecas kernel: [    0.002537] last_pfn = 0x180000 max_arch_pfn = 0x400000000
Mar 13 10:19:51 mnecas kernel: [    0.002581] MTRR default type: write-back
Mar 13 10:19:51 mnecas kernel: [    0.002582] MTRR fixed ranges enabled:
Mar 13 10:19:51 mnecas kernel: [    0.002583]   00000-9FFFF write-back
Mar 13 10:19:51 mnecas kernel: [    0.002584]   A0000-BFFFF uncachable
Mar 13 10:19:51 mnecas kernel: [    0.002585]   C0000-FFFFF write-protect
Mar 13 10:19:51 mnecas kernel: [    0.002585] MTRR variable ranges enabled:
Mar 13 10:19:51 mnecas kernel: [    0.002587]   0 base 0000C0000000 mask 3FFFC0000000 uncachable
Mar 13 10:19:51 mnecas kernel: [    0.002587]   1 disabled
Mar 13 10:19:51 mnecas kernel: [    0.002588]   2 disabled
Mar 13 10:19:51 mnecas kernel: [    0.002588]   3 disabled
Mar 13 10:19:51 mnecas kernel: [    0.002589]   4 disabled
Mar 13 10:19:51 mnecas kernel: [    0.002589]   5 disabled
Mar 13 10:19:51 mnecas kernel: [    0.002589]   6 disabled
Mar 13 10:19:51 mnecas kernel: [    0.002590]   7 disabled
Mar 13 10:19:51 mnecas kernel: [    0.002606] x86/PAT: Configuration [0-7]: WB  WC  UC- UC  WB  WP  UC- WT  
Mar 13 10:19:51 mnecas kernel: [    0.002618] last_pfn = 0x7ffdc max_arch_pfn = 0x400000000
Mar 13 10:19:51 mnecas kernel: [    0.006869] found SMP MP-table at [mem 0x000f54b0-0x000f54bf]
Mar 13 10:19:51 mnecas kernel: [    0.007037] check: Scanning 1 areas for low memory corruption
Mar 13 10:19:51 mnecas kernel: [    0.007095] Using GB pages for direct mapping
Mar 13 10:19:51 mnecas kernel: [    0.007744] RAMDISK: [mem 0x2ce97000-0x32742fff]
Mar 13 10:19:51 mnecas kernel: [    0.007755] ACPI: Early table checksum verification disabled
Mar 13 10:19:51 mnecas kernel: [    0.007764] ACPI: RSDP 0x00000000000F5290 000014 (v00 BOCHS )
Mar 13 10:19:51 mnecas kernel: [    0.007769] ACPI: RSDT 0x000000007FFE2CBD 000034 (v01 BOCHS  BXPC     00000001 BXPC 00000001)
Mar 13 10:19:51 mnecas kernel: [    0.007777] ACPI: FACP 0x000000007FFE2AE5 0000F4 (v03 BOCHS  BXPC     00000001 BXPC 00000001)
Mar 13 10:19:51 mnecas kernel: [    0.007784] ACPI: DSDT 0x000000007FFE0040 002AA5 (v01 BOCHS  BXPC     00000001 BXPC 00000001)
Mar 13 10:19:51 mnecas kernel: [    0.007788] ACPI: FACS 0x000000007FFE0000 000040
Mar 13 10:19:51 mnecas kernel: [    0.007791] ACPI: APIC 0x000000007FFE2BD9 000080 (v03 BOCHS  BXPC     00000001 BXPC 00000001)
Mar 13 10:19:51 mnecas kernel: [    0.007793] ACPI: MCFG 0x000000007FFE2C59 00003C (v01 BOCHS  BXPC     00000001 BXPC 00000001)
Mar 13 10:19:51 mnecas kernel: [    0.007795] ACPI: WAET 0x000000007FFE2C95 000028 (v01 BOCHS  BXPC     00000001 BXPC 00000001)
Mar 13 10:19:51 mnecas kernel: [    0.007798] ACPI: Reserving FACP table memory at [mem 0x7ffe2ae5-0x7ffe2bd8]
Mar 13 10:19:51 mnecas kernel: [    0.007799] ACPI: Reserving DSDT table memory at [mem 0x7ffe0040-0x7ffe2ae4]
Mar 13 10:19:51 mnecas kernel: [    0.007800] ACPI: Reserving FACS table memory at [mem 0x7ffe0000-0x7ffe003f]
Mar 13 10:19:51 mnecas kernel: [    0.007800] ACPI: Reserving APIC table memory at [mem 0x7ffe2bd9-0x7ffe2c58]
Mar 13 10:19:51 mnecas kernel: [    0.007801] ACPI: Reserving MCFG table memory at [mem 0x7ffe2c59-0x7ffe2c94]
Mar 13 10:19:51 mnecas kernel: [    0.007802] ACPI: Reserving WAET table memory at [mem 0x7ffe2c95-0x7ffe2cbc]
Mar 13 10:19:51 mnecas kernel: [    0.007838] ACPI: Local APIC address 0xfee00000
Mar 13 10:19:51 mnecas kernel: [    0.008177] No NUMA configuration found
Mar 13 10:19:51 mnecas kernel: [    0.008179] Faking a node at [mem 0x0000000000000000-0x000000017fffffff]
Mar 13 10:19:51 mnecas kernel: [    0.008187] NODE_DATA(0) allocated [mem 0x17ffd3000-0x17fffdfff]
Mar 13 10:19:51 mnecas kernel: [    0.008754] Zone ranges:
Mar 13 10:19:51 mnecas kernel: [    0.008757]   DMA      [mem 0x0000000000001000-0x0000000000ffffff]
Mar 13 10:19:51 mnecas kernel: [    0.008758]   DMA32    [mem 0x0000000001000000-0x00000000ffffffff]
Mar 13 10:19:51 mnecas kernel: [    0.008760]   Normal   [mem 0x0000000100000000-0x000000017fffffff]
Mar 13 10:19:51 mnecas kernel: [    0.008760]   Device   empty
Mar 13 10:19:51 mnecas kernel: [    0.008762] Movable zone start for each node
Mar 13 10:19:51 mnecas kernel: [    0.008764] Early memory node ranges
Mar 13 10:19:51 mnecas kernel: [    0.008765]   node   0: [mem 0x0000000000001000-0x000000000009efff]
Mar 13 10:19:51 mnecas kernel: [    0.008767]   node   0: [mem 0x0000000000100000-0x000000007ffdbfff]
Mar 13 10:19:51 mnecas kernel: [    0.008768]   node   0: [mem 0x0000000100000000-0x000000017fffffff]
Mar 13 10:19:51 mnecas kernel: [    0.009594] Zeroed struct page in unavailable ranges: 134 pages
Mar 13 10:19:51 mnecas kernel: [    0.009609] Initmem setup node 0 [mem 0x0000000000001000-0x000000017fffffff]
Mar 13 10:19:51 mnecas kernel: [    0.009612] On node 0 totalpages: 1048442
Mar 13 10:19:51 mnecas kernel: [    0.009615]   DMA zone: 64 pages used for memmap
Mar 13 10:19:51 mnecas kernel: [    0.009615]   DMA zone: 21 pages reserved
Mar 13 10:19:51 mnecas kernel: [    0.009616]   DMA zone: 3998 pages, LIFO batch:0
Mar 13 10:19:51 mnecas kernel: [    0.009659]   DMA32 zone: 8128 pages used for memmap
Mar 13 10:19:51 mnecas kernel: [    0.009659]   DMA32 zone: 520156 pages, LIFO batch:63
Mar 13 10:19:51 mnecas kernel: [    0.020505]   Normal zone: 8192 pages used for memmap
Mar 13 10:19:51 mnecas kernel: [    0.020510]   Normal zone: 524288 pages, LIFO batch:63
Mar 13 10:19:51 mnecas kernel: [    0.033158] ACPI: PM-Timer IO Port: 0x608
Mar 13 10:19:51 mnecas kernel: [    0.033166] ACPI: Local APIC address 0xfee00000
Mar 13 10:19:51 mnecas kernel: [    0.033185] ACPI: LAPIC_NMI (acpi_id[0xff] dfl dfl lint[0x1])
Mar 13 10:19:51 mnecas kernel: [    0.033237] IOAPIC[0]: apic_id 0, version 17, address 0xfec00000, GSI 0-23
Mar 13 10:19:51 mnecas kernel: [    0.033240] ACPI: INT_SRC_OVR (bus 0 bus_irq 0 global_irq 2 dfl dfl)
Mar 13 10:19:51 mnecas kernel: [    0.033242] ACPI: INT_SRC_OVR (bus 0 bus_irq 5 global_irq 5 high level)
Mar 13 10:19:51 mnecas kernel: [    0.033243] ACPI: INT_SRC_OVR (bus 0 bus_irq 9 global_irq 9 high level)
Mar 13 10:19:51 mnecas kernel: [    0.033244] ACPI: INT_SRC_OVR (bus 0 bus_irq 10 global_irq 10 high level)
Mar 13 10:19:51 mnecas kernel: [    0.033245] ACPI: INT_SRC_OVR (bus 0 bus_irq 11 global_irq 11 high level)
Mar 13 10:19:51 mnecas kernel: [    0.033247] ACPI: IRQ0 used by override.
Mar 13 10:19:51 mnecas kernel: [    0.033247] ACPI: IRQ5 used by override.
Mar 13 10:19:51 mnecas kernel: [    0.033248] ACPI: IRQ9 used by override.
Mar 13 10:19:51 mnecas kernel: [    0.033248] ACPI: IRQ10 used by override.
Mar 13 10:19:51 mnecas kernel: [    0.033249] ACPI: IRQ11 used by override.
Mar 13 10:19:51 mnecas kernel: [    0.033251] Using ACPI (MADT) for SMP configuration information
Mar 13 10:19:51 mnecas kernel: [    0.033254] TSC deadline timer available
Mar 13 10:19:51 mnecas kernel: [    0.033256] smpboot: Allowing 2 CPUs, 0 hotplug CPUs
Mar 13 10:19:51 mnecas kernel: [    0.033282] KVM setup pv sched yield
Mar 13 10:19:51 mnecas kernel: [    0.033296] PM: Registered nosave memory: [mem 0x00000000-0x00000fff]
Mar 13 10:19:51 mnecas kernel: [    0.033298] PM: Registered nosave memory: [mem 0x0009f000-0x0009ffff]
Mar 13 10:19:51 mnecas kernel: [    0.033299] PM: Registered nosave memory: [mem 0x000a0000-0x000effff]
Mar 13 10:19:51 mnecas kernel: [    0.033299] PM: Registered nosave memory: [mem 0x000f0000-0x000fffff]
Mar 13 10:19:51 mnecas kernel: [    0.033301] PM: Registered nosave memory: [mem 0x7ffdc000-0x7fffffff]
Mar 13 10:19:51 mnecas kernel: [    0.033301] PM: Registered nosave memory: [mem 0x80000000-0xafffffff]
Mar 13 10:19:51 mnecas kernel: [    0.033302] PM: Registered nosave memory: [mem 0xb0000000-0xbfffffff]
Mar 13 10:19:51 mnecas kernel: [    0.033303] PM: Registered nosave memory: [mem 0xc0000000-0xfed1bfff]
Mar 13 10:19:51 mnecas kernel: [    0.033303] PM: Registered nosave memory: [mem 0xfed1c000-0xfed1ffff]
Mar 13 10:19:51 mnecas kernel: [    0.033304] PM: Registered nosave memory: [mem 0xfed20000-0xfeffbfff]
Mar 13 10:19:51 mnecas kernel: [    0.033305] PM: Registered nosave memory: [mem 0xfeffc000-0xfeffffff]
Mar 13 10:19:51 mnecas kernel: [    0.033305] PM: Registered nosave memory: [mem 0xff000000-0xfffbffff]
Mar 13 10:19:51 mnecas kernel: [    0.033306] PM: Registered nosave memory: [mem 0xfffc0000-0xffffffff]
Mar 13 10:19:51 mnecas kernel: [    0.033309] [mem 0xc0000000-0xfed1bfff] available for PCI devices
Mar 13 10:19:51 mnecas kernel: [    0.033311] Booting paravirtualized kernel on KVM
Mar 13 10:19:51 mnecas kernel: [    0.033315] clocksource: refined-jiffies: mask: 0xffffffff max_cycles: 0xffffffff, max_idle_ns: 7645519600211568 ns
Mar 13 10:19:51 mnecas kernel: [    0.033321] setup_percpu: NR_CPUS:8192 nr_cpumask_bits:2 nr_cpu_ids:2 nr_node_ids:1
Mar 13 10:19:51 mnecas kernel: [    0.033808] percpu: Embedded 60 pages/cpu s208896 r8192 d28672 u1048576
Mar 13 10:19:51 mnecas kernel: [    0.033815] pcpu-alloc: s208896 r8192 d28672 u1048576 alloc=1*2097152
Mar 13 10:19:51 mnecas kernel: [    0.033816] pcpu-alloc: [0] 0 1 
Mar 13 10:19:51 mnecas kernel: [    0.033843] setup async PF for cpu 0
Mar 13 10:19:51 mnecas kernel: [    0.033850] kvm-stealtime: cpu 0, msr 17ba32040
Mar 13 10:19:51 mnecas kernel: [    0.033858] PV qspinlock hash table entries: 256 (order: 0, 4096 bytes, linear)
Mar 13 10:19:51 mnecas kernel: [    0.033868] Built 1 zonelists, mobility grouping on.  Total pages: 1032037
Mar 13 10:19:51 mnecas kernel: [    0.033869] Policy zone: Normal
Mar 13 10:19:51 mnecas kernel: [    0.033871] Kernel command line: BOOT_IMAGE=/vmlinuz-5.4.0-216-generic root=/dev/mapper/ubuntu--vg-ubuntu--lv ro maybe-ubiquity
Mar 13 10:19:51 mnecas kernel: [    0.034757] Dentry cache hash table entries: 524288 (order: 10, 4194304 bytes, linear)
Mar 13 10:19:51 mnecas kernel: [    0.035093] Inode-cache hash table entries: 262144 (order: 9, 2097152 bytes, linear)
Mar 13 10:19:51 mnecas kernel: [    0.035148] mem auto-init: stack:off, heap alloc:on, heap free:off
Mar 13 10:19:51 mnecas kernel: [    0.043169] Calgary: detecting Calgary via BIOS EBDA area
Mar 13 10:19:51 mnecas kernel: [    0.043173] Calgary: Unable to locate Rio Grande table in EBDA - bailing!
Mar 13 10:19:51 mnecas kernel: [    0.050129] Memory: 3915344K/4193768K available (14339K kernel code, 2400K rwdata, 9324K rodata, 2772K init, 17216K bss, 278424K reserved, 0K cma-reserved)
Mar 13 10:19:51 mnecas kernel: [    0.050754] SLUB: HWalign=64, Order=0-3, MinObjects=0, CPUs=2, Nodes=1
Mar 13 10:19:51 mnecas kernel: [    0.050794] ftrace: allocating 44784 entries in 175 pages
Mar 13 10:19:51 mnecas kernel: [    0.070230] ftrace: allocated 175 pages with 6 groups
Mar 13 10:19:51 mnecas kernel: [    0.070773] rcu: Hierarchical RCU implementation.
Mar 13 10:19:51 mnecas kernel: [    0.070776] rcu: 	RCU restricting CPUs from NR_CPUS=8192 to nr_cpu_ids=2.
Mar 13 10:19:51 mnecas kernel: [    0.070777] 	Tasks RCU enabled.
Mar 13 10:19:51 mnecas kernel: [    0.070779] rcu: RCU calculated value of scheduler-enlistment delay is 25 jiffies.
Mar 13 10:19:51 mnecas kernel: [    0.070780] rcu: Adjusting geometry for rcu_fanout_leaf=16, nr_cpu_ids=2
Mar 13 10:19:51 mnecas kernel: [    0.073368] NR_IRQS: 524544, nr_irqs: 440, preallocated irqs: 16
Mar 13 10:19:51 mnecas kernel: [    0.073619] random: crng init done
Mar 13 10:19:51 mnecas kernel: [    0.073648] Console: colour dummy device 80x25
Mar 13 10:19:51 mnecas kernel: [    0.073743] printk: console [tty0] enabled
Mar 13 10:19:51 mnecas kernel: [    0.073766] ACPI: Core revision 20190816
Mar 13 10:19:51 mnecas kernel: [    0.073818] APIC: Switch to symmetric I/O mode setup
Mar 13 10:19:51 mnecas kernel: [    0.074037] x2apic enabled
Mar 13 10:19:51 mnecas kernel: [    0.074266] Switched APIC routing to physical x2apic.
Mar 13 10:19:51 mnecas kernel: [    0.074271] KVM setup pv IPIs
Mar 13 10:19:51 mnecas kernel: [    0.075127] clocksource: tsc-early: mask: 0xffffffffffffffff max_cycles: 0x2c47f5688fc, max_idle_ns: 440795305069 ns
Mar 13 10:19:51 mnecas kernel: [    0.075138] Calibrating delay loop (skipped) preset value.. 6144.00 BogoMIPS (lpj=12288000)
Mar 13 10:19:51 mnecas kernel: [    0.079133] x86/cpu: User Mode Instruction Prevention (UMIP) activated
Mar 13 10:19:51 mnecas kernel: [    0.079133] Last level iTLB entries: 4KB 0, 2MB 0, 4MB 0
Mar 13 10:19:51 mnecas kernel: [    0.079133] Last level dTLB entries: 4KB 0, 2MB 0, 4MB 0, 1GB 0
Mar 13 10:19:51 mnecas kernel: [    0.079133] Spectre V1 : Mitigation: usercopy/swapgs barriers and __user pointer sanitization
Mar 13 10:19:51 mnecas kernel: [    0.079133] Spectre V2 : Mitigation: Enhanced / Automatic IBRS
Mar 13 10:19:51 mnecas kernel: [    0.079133] Spectre V2 : Spectre v2 / SpectreRSB mitigation: Filling RSB on context switch
Mar 13 10:19:51 mnecas kernel: [    0.079133] Spectre V2 : mitigation: Enabling conditional Indirect Branch Prediction Barrier
Mar 13 10:19:51 mnecas kernel: [    0.079133] Speculative Store Bypass: Mitigation: Speculative Store Bypass disabled via prctl and seccomp
Mar 13 10:19:51 mnecas kernel: [    0.079133] x86/fpu: Supporting XSAVE feature 0x001: 'x87 floating point registers'
Mar 13 10:19:51 mnecas kernel: [    0.079133] x86/fpu: Supporting XSAVE feature 0x002: 'SSE registers'
Mar 13 10:19:51 mnecas kernel: [    0.079133] x86/fpu: Supporting XSAVE feature 0x004: 'AVX registers'
Mar 13 10:19:51 mnecas kernel: [    0.079133] x86/fpu: Supporting XSAVE feature 0x200: 'Protection Keys User registers'
Mar 13 10:19:51 mnecas kernel: [    0.079133] x86/fpu: xstate_offset[2]:  576, xstate_sizes[2]:  256
Mar 13 10:19:51 mnecas kernel: [    0.079133] x86/fpu: xstate_offset[9]:  832, xstate_sizes[9]:    8
Mar 13 10:19:51 mnecas kernel: [    0.079133] x86/fpu: Enabled xstate features 0x207, context size is 840 bytes, using 'compacted' format.
Mar 13 10:19:51 mnecas kernel: [    0.079133] Freeing SMP alternatives memory: 40K
Mar 13 10:19:51 mnecas kernel: [    0.079133] pid_max: default: 32768 minimum: 301
Mar 13 10:19:51 mnecas kernel: [    0.079133] LSM: Security Framework initializing
Mar 13 10:19:51 mnecas kernel: [    0.079133] Yama: becoming mindful.
Mar 13 10:19:51 mnecas kernel: [    0.079133] AppArmor: AppArmor initialized
Mar 13 10:19:51 mnecas kernel: [    0.079133] Mount-cache hash table entries: 8192 (order: 4, 65536 bytes, linear)
Mar 13 10:19:51 mnecas kernel: [    0.079133] Mountpoint-cache hash table entries: 8192 (order: 4, 65536 bytes, linear)
Mar 13 10:19:51 mnecas kernel: [    0.079133] *** VALIDATE tmpfs ***
Mar 13 10:19:51 mnecas kernel: [    0.079133] *** VALIDATE proc ***
Mar 13 10:19:51 mnecas kernel: [    0.079133] *** VALIDATE cgroup1 ***
Mar 13 10:19:51 mnecas kernel: [    0.079133] *** VALIDATE cgroup2 ***
Mar 13 10:19:51 mnecas kernel: [    0.079133] smpboot: CPU0: Intel(R) Core(TM) Ultra 7 165H (family: 0x6, model: 0xaa, stepping: 0x4)
Mar 13 10:19:51 mnecas kernel: [    0.079133] Performance Events: unsupported p6 CPU model 170 no PMU driver, software events only.
Mar 13 10:19:51 mnecas kernel: [    0.079133] rcu: Hierarchical SRCU implementation.
Mar 13 10:19:51 mnecas kernel: [    0.079133] NMI watchdog: Perf NMI watchdog permanently disabled
Mar 13 10:19:51 mnecas kernel: [    0.079133] smp: Bringing up secondary CPUs ...
Mar 13 10:19:51 mnecas kernel: [    0.079133] x86: Booting SMP configuration:
Mar 13 10:19:51 mnecas kernel: [    0.079133] .... node  #0, CPUs:      #1
Mar 13 10:19:51 mnecas kernel: [    0.005528] kvm-clock: cpu 1, msr 1b401041, secondary cpu clock
Mar 13 10:19:51 mnecas kernel: [    0.005528] smpboot: CPU 1 Converting physical 0 to logical die 1
Mar 13 10:19:51 mnecas kernel: [    0.079175] setup async PF for cpu 1
Mar 13 10:19:51 mnecas kernel: [    0.079199] kvm-stealtime: cpu 1, msr 17bb32040
Mar 13 10:19:51 mnecas kernel: [    0.079208] smp: Brought up 1 node, 2 CPUs
Mar 13 10:19:51 mnecas kernel: [    0.079208] smpboot: Max logical packages: 2
Mar 13 10:19:51 mnecas kernel: [    0.079208] smpboot: Total of 2 processors activated (12288.00 BogoMIPS)
Mar 13 10:19:51 mnecas kernel: [    0.079544] devtmpfs: initialized
Mar 13 10:19:51 mnecas kernel: [    0.079544] x86/mm: Memory block size: 128MB
Mar 13 10:19:51 mnecas kernel: [    0.079544] clocksource: jiffies: mask: 0xffffffff max_cycles: 0xffffffff, max_idle_ns: 7645041785100000 ns
Mar 13 10:19:51 mnecas kernel: [    0.079544] futex hash table entries: 512 (order: 3, 32768 bytes, linear)
Mar 13 10:19:51 mnecas kernel: [    0.079544] pinctrl core: initialized pinctrl subsystem
Mar 13 10:19:51 mnecas kernel: [    0.079544] PM: RTC time: 10:19:44, date: 2026-03-13
Mar 13 10:19:51 mnecas kernel: [    0.079544] NET: Registered protocol family 16
Mar 13 10:19:51 mnecas kernel: [    0.079563] audit: initializing netlink subsys (disabled)
Mar 13 10:19:51 mnecas kernel: [    0.079582] audit: type=2000 audit(1773397184.771:1): state=initialized audit_enabled=0 res=1
Mar 13 10:19:51 mnecas kernel: [    0.079582] EISA bus registered
Mar 13 10:19:51 mnecas kernel: [    0.079582] cpuidle: using governor ladder
Mar 13 10:19:51 mnecas kernel: [    0.079582] cpuidle: using governor menu
Mar 13 10:19:51 mnecas kernel: [    0.079582] KVM setup pv remote TLB flush
Mar 13 10:19:51 mnecas kernel: [    0.079582] ACPI: bus type PCI registered
Mar 13 10:19:51 mnecas kernel: [    0.079582] acpiphp: ACPI Hot Plug PCI Controller Driver version: 0.5
Mar 13 10:19:51 mnecas kernel: [    0.079582] PCI: MMCONFIG for domain 0000 [bus 00-ff] at [mem 0xb0000000-0xbfffffff] (base 0xb0000000)
Mar 13 10:19:51 mnecas kernel: [    0.079582] PCI: MMCONFIG at [mem 0xb0000000-0xbfffffff] reserved in E820
Mar 13 10:19:51 mnecas kernel: [    0.079582] PCI: Using configuration type 1 for base access
Mar 13 10:19:51 mnecas kernel: [    0.080953] HugeTLB registered 1.00 GiB page size, pre-allocated 0 pages
Mar 13 10:19:51 mnecas kernel: [    0.080953] HugeTLB registered 2.00 MiB page size, pre-allocated 0 pages
Mar 13 10:19:51 mnecas kernel: [    0.083510] fbcon: Taking over console
Mar 13 10:19:51 mnecas kernel: [    0.083510] ACPI: Added _OSI(Module Device)
Mar 13 10:19:51 mnecas kernel: [    0.083510] ACPI: Added _OSI(Processor Device)
Mar 13 10:19:51 mnecas kernel: [    0.083510] ACPI: Added _OSI(3.0 _SCP Extensions)
Mar 13 10:19:51 mnecas kernel: [    0.083510] ACPI: Added _OSI(Processor Aggregator Device)
Mar 13 10:19:51 mnecas kernel: [    0.083510] ACPI: Added _OSI(Linux-Dell-Video)
Mar 13 10:19:51 mnecas kernel: [    0.083510] ACPI: Added _OSI(Linux-Lenovo-NV-HDMI-Audio)
Mar 13 10:19:51 mnecas kernel: [    0.083510] ACPI: Added _OSI(Linux-HPI-Hybrid-Graphics)
Mar 13 10:19:51 mnecas kernel: [    0.084583] ACPI: 1 ACPI AML tables successfully acquired and loaded
Mar 13 10:19:51 mnecas kernel: [    0.087341] ACPI: Interpreter enabled
Mar 13 10:19:51 mnecas kernel: [    0.087352] ACPI: (supports S0 S5)
Mar 13 10:19:51 mnecas kernel: [    0.087355] ACPI: Using IOAPIC for interrupt routing
Mar 13 10:19:51 mnecas kernel: [    0.087376] PCI: Using host bridge windows from ACPI; if necessary, use "pci=nocrs" and report a bug
Mar 13 10:19:51 mnecas kernel: [    0.087491] ACPI: Enabled 2 GPEs in block 00 to 3F
Mar 13 10:19:51 mnecas kernel: [    0.089730] ACPI: PCI Root Bridge [PCI0] (domain 0000 [bus 00-ff])
Mar 13 10:19:51 mnecas kernel: [    0.089738] acpi PNP0A08:00: _OSC: OS supports [ExtendedConfig ASPM ClockPM Segments MSI HPX-Type3]
Mar 13 10:19:51 mnecas kernel: [    0.089812] acpi PNP0A08:00: _OSC: platform does not support [PCIeHotplug LTR]
Mar 13 10:19:51 mnecas kernel: [    0.089878] acpi PNP0A08:00: _OSC: OS now controls [SHPCHotplug PME AER PCIeCapability]
Mar 13 10:19:51 mnecas kernel: [    0.090171] PCI host bridge to bus 0000:00
Mar 13 10:19:51 mnecas kernel: [    0.090174] pci_bus 0000:00: root bus resource [io  0x0000-0x0cf7 window]
Mar 13 10:19:51 mnecas kernel: [    0.090176] pci_bus 0000:00: root bus resource [io  0x0d00-0xffff window]
Mar 13 10:19:51 mnecas kernel: [    0.090177] pci_bus 0000:00: root bus resource [mem 0x000a0000-0x000bffff window]
Mar 13 10:19:51 mnecas kernel: [    0.090179] pci_bus 0000:00: root bus resource [mem 0x80000000-0xafffffff window]
Mar 13 10:19:51 mnecas kernel: [    0.090181] pci_bus 0000:00: root bus resource [mem 0xc0000000-0xfebfffff window]
Mar 13 10:19:51 mnecas kernel: [    0.090183] pci_bus 0000:00: root bus resource [mem 0xe0000000000-0xe1c00003fff window]
Mar 13 10:19:51 mnecas kernel: [    0.090185] pci_bus 0000:00: root bus resource [bus 00-ff]
Mar 13 10:19:51 mnecas kernel: [    0.090223] pci 0000:00:00.0: [8086:29c0] type 00 class 0x060000
Mar 13 10:19:51 mnecas kernel: [    0.091043] pci 0000:00:01.0: [1af4:1050] type 00 class 0x030000
Mar 13 10:19:51 mnecas kernel: [    0.095154] pci 0000:00:01.0: reg 0x10: [mem 0xfc000000-0xfc7fffff pref]
Mar 13 10:19:51 mnecas kernel: [    0.103149] pci 0000:00:01.0: reg 0x18: [mem 0xe1c00000000-0xe1c00003fff 64bit pref]
Mar 13 10:19:51 mnecas kernel: [    0.107148] pci 0000:00:01.0: reg 0x20: [mem 0xfea14000-0xfea14fff]
Mar 13 10:19:51 mnecas kernel: [    0.114987] pci 0000:00:01.0: reg 0x30: [mem 0xfea00000-0xfea0ffff pref]
Mar 13 10:19:51 mnecas kernel: [    0.116066] pci 0000:00:02.0: [1b36:000c] type 01 class 0x060400
Mar 13 10:19:51 mnecas kernel: [    0.122245] pci 0000:00:02.0: reg 0x10: [mem 0xfea15000-0xfea15fff]
Mar 13 10:19:51 mnecas kernel: [    0.127233] pci 0000:00:02.0: enabling Extended Tags
Mar 13 10:19:51 mnecas kernel: [    0.128064] pci 0000:00:02.1: [1b36:000c] type 01 class 0x060400
Mar 13 10:19:51 mnecas kernel: [    0.131143] pci 0000:00:02.1: reg 0x10: [mem 0xfea16000-0xfea16fff]
Mar 13 10:19:51 mnecas kernel: [    0.139755] pci 0000:00:02.1: enabling Extended Tags
Mar 13 10:19:51 mnecas kernel: [    0.140623] pci 0000:00:02.2: [1b36:000c] type 01 class 0x060400
Mar 13 10:19:51 mnecas kernel: [    0.144073] pci 0000:00:02.2: reg 0x10: [mem 0xfea17000-0xfea17fff]
Mar 13 10:19:51 mnecas kernel: [    0.148257] pci 0000:00:02.2: enabling Extended Tags
Mar 13 10:19:51 mnecas kernel: [    0.148964] pci 0000:00:02.3: [1b36:000c] type 01 class 0x060400
Mar 13 10:19:51 mnecas kernel: [    0.153454] pci 0000:00:02.3: reg 0x10: [mem 0xfea18000-0xfea18fff]
Mar 13 10:19:51 mnecas kernel: [    0.164649] pci 0000:00:02.3: enabling Extended Tags
Mar 13 10:19:51 mnecas kernel: [    0.165561] pci 0000:00:02.4: [1b36:000c] type 01 class 0x060400
Mar 13 10:19:51 mnecas kernel: [    0.168130] pci 0000:00:02.4: reg 0x10: [mem 0xfea19000-0xfea19fff]
Mar 13 10:19:51 mnecas kernel: [    0.173364] pci 0000:00:02.4: enabling Extended Tags
Mar 13 10:19:51 mnecas kernel: [    0.175151] pci 0000:00:02.5: [1b36:000c] type 01 class 0x060400
Mar 13 10:19:51 mnecas kernel: [    0.177798] pci 0000:00:02.5: reg 0x10: [mem 0xfea1a000-0xfea1afff]
Mar 13 10:19:51 mnecas kernel: [    0.182106] pci 0000:00:02.5: enabling Extended Tags
Mar 13 10:19:51 mnecas kernel: [    0.182787] pci 0000:00:02.6: [1b36:000c] type 01 class 0x060400
Mar 13 10:19:51 mnecas kernel: [    0.188174] pci 0000:00:02.6: reg 0x10: [mem 0xfea1b000-0xfea1bfff]
Mar 13 10:19:51 mnecas kernel: [    0.192169] pci 0000:00:02.6: enabling Extended Tags
Mar 13 10:19:51 mnecas kernel: [    0.192882] pci 0000:00:02.7: [1b36:000c] type 01 class 0x060400
Mar 13 10:19:51 mnecas kernel: [    0.195141] pci 0000:00:02.7: reg 0x10: [mem 0xfea1c000-0xfea1cfff]
Mar 13 10:19:51 mnecas kernel: [    0.202006] pci 0000:00:02.7: enabling Extended Tags
Mar 13 10:19:51 mnecas kernel: [    0.203021] pci 0000:00:03.0: [1b36:000c] type 01 class 0x060400
Mar 13 10:19:51 mnecas kernel: [    0.205429] pci 0000:00:03.0: reg 0x10: [mem 0xfea1d000-0xfea1dfff]
Mar 13 10:19:51 mnecas kernel: [    0.211619] pci 0000:00:03.0: enabling Extended Tags
Mar 13 10:19:51 mnecas kernel: [    0.212264] pci 0000:00:03.1: [1b36:000c] type 01 class 0x060400
Mar 13 10:19:51 mnecas kernel: [    0.214878] pci 0000:00:03.1: reg 0x10: [mem 0xfea1e000-0xfea1efff]
Mar 13 10:19:51 mnecas kernel: [    0.218663] pci 0000:00:03.1: enabling Extended Tags
Mar 13 10:19:51 mnecas kernel: [    0.219352] pci 0000:00:03.2: [1b36:000c] type 01 class 0x060400
Mar 13 10:19:51 mnecas kernel: [    0.224042] pci 0000:00:03.2: reg 0x10: [mem 0xfea1f000-0xfea1ffff]
Mar 13 10:19:51 mnecas kernel: [    0.228082] pci 0000:00:03.2: enabling Extended Tags
Mar 13 10:19:51 mnecas kernel: [    0.228749] pci 0000:00:03.3: [1b36:000c] type 01 class 0x060400
Mar 13 10:19:51 mnecas kernel: [    0.231142] pci 0000:00:03.3: reg 0x10: [mem 0xfea20000-0xfea20fff]
Mar 13 10:19:51 mnecas kernel: [    0.238104] pci 0000:00:03.3: enabling Extended Tags
Mar 13 10:19:51 mnecas kernel: [    0.238824] pci 0000:00:03.4: [1b36:000c] type 01 class 0x060400
Mar 13 10:19:51 mnecas kernel: [    0.241095] pci 0000:00:03.4: reg 0x10: [mem 0xfea21000-0xfea21fff]
Mar 13 10:19:51 mnecas kernel: [    0.246658] pci 0000:00:03.4: enabling Extended Tags
Mar 13 10:19:51 mnecas kernel: [    0.247312] pci 0000:00:03.5: [1b36:000c] type 01 class 0x060400
Mar 13 10:19:51 mnecas kernel: [    0.249730] pci 0000:00:03.5: reg 0x10: [mem 0xfea22000-0xfea22fff]
Mar 13 10:19:51 mnecas kernel: [    0.253643] pci 0000:00:03.5: enabling Extended Tags
Mar 13 10:19:51 mnecas kernel: [    0.262902] pci 0000:00:1b.0: [8086:293e] type 00 class 0x040300
Mar 13 10:19:51 mnecas kernel: [    0.263609] pci 0000:00:1b.0: reg 0x10: [mem 0xfea10000-0xfea13fff]
Mar 13 10:19:51 mnecas kernel: [    0.271456] pci 0000:00:1f.0: [8086:2918] type 00 class 0x060100
Mar 13 10:19:51 mnecas kernel: [    0.271936] pci 0000:00:1f.0: quirk: [io  0x0600-0x067f] claimed by ICH6 ACPI/GPIO/TCO
Mar 13 10:19:51 mnecas kernel: [    0.272152] pci 0000:00:1f.2: [8086:2922] type 00 class 0x010601
Mar 13 10:19:51 mnecas kernel: [    0.281293] pci 0000:00:1f.2: reg 0x20: [io  0xc040-0xc05f]
Mar 13 10:19:51 mnecas kernel: [    0.282766] pci 0000:00:1f.2: reg 0x24: [mem 0xfea23000-0xfea23fff]
Mar 13 10:19:51 mnecas kernel: [    0.284297] pci 0000:00:1f.3: [8086:2930] type 00 class 0x0c0500
Mar 13 10:19:51 mnecas kernel: [    0.290855] pci 0000:00:1f.3: reg 0x20: [io  0x0700-0x073f]
Mar 13 10:19:51 mnecas kernel: [    0.293461] acpiphp: Slot [0] registered
Mar 13 10:19:51 mnecas kernel: [    0.293591] pci 0000:01:00.0: [1af4:1041] type 00 class 0x020000
Mar 13 10:19:51 mnecas kernel: [    0.295827] pci 0000:01:00.0: reg 0x14: [mem 0xfe840000-0xfe840fff]
Mar 13 10:19:51 mnecas kernel: [    0.302523] pci 0000:01:00.0: reg 0x20: [mem 0xe1a00000000-0xe1a00003fff 64bit pref]
Mar 13 10:19:51 mnecas kernel: [    0.303953] pci 0000:01:00.0: reg 0x30: [mem 0xfe800000-0xfe83ffff pref]
Mar 13 10:19:51 mnecas kernel: [    0.304007] pci 0000:01:00.0: enabling Extended Tags
Mar 13 10:19:51 mnecas kernel: [    0.315284] pci 0000:00:02.0: PCI bridge to [bus 01]
Mar 13 10:19:51 mnecas kernel: [    0.315326] pci 0000:00:02.0:   bridge window [mem 0xfe800000-0xfe9fffff]
Mar 13 10:19:51 mnecas kernel: [    0.315357] pci 0000:00:02.0:   bridge window [mem 0xe1a00000000-0xe1bffffffff 64bit pref]
Mar 13 10:19:51 mnecas kernel: [    0.316452] acpiphp: Slot [0-2] registered
Mar 13 10:19:51 mnecas kernel: [    0.316558] pci 0000:02:00.0: [1b36:000d] type 00 class 0x0c0330
Mar 13 10:19:51 mnecas kernel: [    0.317413] pci 0000:02:00.0: reg 0x10: [mem 0xfe600000-0xfe603fff 64bit]
Mar 13 10:19:51 mnecas kernel: [    0.321013] pci 0000:02:00.0: enabling Extended Tags
Mar 13 10:19:51 mnecas kernel: [    0.332045] pci 0000:00:02.1: PCI bridge to [bus 02]
Mar 13 10:19:51 mnecas kernel: [    0.332095] pci 0000:00:02.1:   bridge window [mem 0xfe600000-0xfe7fffff]
Mar 13 10:19:51 mnecas kernel: [    0.332130] pci 0000:00:02.1:   bridge window [mem 0xe1800000000-0xe19ffffffff 64bit pref]
Mar 13 10:19:51 mnecas kernel: [    0.333384] acpiphp: Slot [0-3] registered
Mar 13 10:19:51 mnecas kernel: [    0.333521] pci 0000:03:00.0: [1af4:1043] type 00 class 0x078000
Mar 13 10:19:51 mnecas kernel: [    0.337845] pci 0000:03:00.0: reg 0x14: [mem 0xfe400000-0xfe400fff]
Mar 13 10:19:51 mnecas kernel: [    0.342342] pci 0000:03:00.0: reg 0x20: [mem 0xe1600000000-0xe1600003fff 64bit pref]
Mar 13 10:19:51 mnecas kernel: [    0.343197] pci 0000:03:00.0: enabling Extended Tags
Mar 13 10:19:51 mnecas kernel: [    0.356975] pci 0000:00:02.2: PCI bridge to [bus 03]
Mar 13 10:19:51 mnecas kernel: [    0.357024] pci 0000:00:02.2:   bridge window [mem 0xfe400000-0xfe5fffff]
Mar 13 10:19:51 mnecas kernel: [    0.357055] pci 0000:00:02.2:   bridge window [mem 0xe1600000000-0xe17ffffffff 64bit pref]
Mar 13 10:19:51 mnecas kernel: [    0.358631] acpiphp: Slot [0-4] registered
Mar 13 10:19:51 mnecas kernel: [    0.358760] pci 0000:04:00.0: [1af4:1042] type 00 class 0x010000
Mar 13 10:19:51 mnecas kernel: [    0.362348] pci 0000:04:00.0: reg 0x14: [mem 0xfe200000-0xfe200fff]
Mar 13 10:19:51 mnecas kernel: [    0.368655] pci 0000:04:00.0: reg 0x20: [mem 0xe1400000000-0xe1400003fff 64bit pref]
Mar 13 10:19:51 mnecas kernel: [    0.373054] pci 0000:04:00.0: enabling Extended Tags
Mar 13 10:19:51 mnecas kernel: [    0.386302] pci 0000:00:02.3: PCI bridge to [bus 04]
Mar 13 10:19:51 mnecas kernel: [    0.386352] pci 0000:00:02.3:   bridge window [mem 0xfe200000-0xfe3fffff]
Mar 13 10:19:51 mnecas kernel: [    0.386383] pci 0000:00:02.3:   bridge window [mem 0xe1400000000-0xe15ffffffff 64bit pref]
Mar 13 10:19:51 mnecas kernel: [    0.387889] acpiphp: Slot [0-5] registered
Mar 13 10:19:51 mnecas kernel: [    0.388042] pci 0000:05:00.0: [1af4:1045] type 00 class 0x00ff00
Mar 13 10:19:51 mnecas kernel: [    0.391146] pci 0000:05:00.0: reg 0x14: [mem 0xfe000000-0xfe000fff]
Mar 13 10:19:51 mnecas kernel: [    0.397726] pci 0000:05:00.0: reg 0x20: [mem 0xe1200000000-0xe1200003fff 64bit pref]
Mar 13 10:19:51 mnecas kernel: [    0.399193] pci 0000:05:00.0: enabling Extended Tags
Mar 13 10:19:51 mnecas kernel: [    0.410394] pci 0000:00:02.4: PCI bridge to [bus 05]
Mar 13 10:19:51 mnecas kernel: [    0.410443] pci 0000:00:02.4:   bridge window [mem 0xfe000000-0xfe1fffff]
Mar 13 10:19:51 mnecas kernel: [    0.410474] pci 0000:00:02.4:   bridge window [mem 0xe1200000000-0xe13ffffffff 64bit pref]
Mar 13 10:19:51 mnecas kernel: [    0.411375] acpiphp: Slot [0-6] registered
Mar 13 10:19:51 mnecas kernel: [    0.411507] pci 0000:06:00.0: [1af4:1044] type 00 class 0x00ff00
Mar 13 10:19:51 mnecas kernel: [    0.414989] pci 0000:06:00.0: reg 0x14: [mem 0xfde00000-0xfde00fff]
Mar 13 10:19:51 mnecas kernel: [    0.420011] pci 0000:06:00.0: reg 0x20: [mem 0xe1000000000-0xe1000003fff 64bit pref]
Mar 13 10:19:51 mnecas kernel: [    0.421760] pci 0000:06:00.0: enabling Extended Tags
Mar 13 10:19:51 mnecas kernel: [    0.432798] pci 0000:00:02.5: PCI bridge to [bus 06]
Mar 13 10:19:51 mnecas kernel: [    0.432841] pci 0000:00:02.5:   bridge window [mem 0xfde00000-0xfdffffff]
Mar 13 10:19:51 mnecas kernel: [    0.432873] pci 0000:00:02.5:   bridge window [mem 0xe1000000000-0xe11ffffffff 64bit pref]
Mar 13 10:19:51 mnecas kernel: [    0.434190] acpiphp: Slot [0-7] registered
Mar 13 10:19:51 mnecas kernel: [    0.444389] pci 0000:00:02.6: PCI bridge to [bus 07]
Mar 13 10:19:51 mnecas kernel: [    0.444430] pci 0000:00:02.6:   bridge window [mem 0xfdc00000-0xfddfffff]
Mar 13 10:19:51 mnecas kernel: [    0.444461] pci 0000:00:02.6:   bridge window [mem 0xe0e00000000-0xe0fffffffff 64bit pref]
Mar 13 10:19:51 mnecas kernel: [    0.445642] acpiphp: Slot [0-8] registered
Mar 13 10:19:51 mnecas kernel: [    0.455661] pci 0000:00:02.7: PCI bridge to [bus 08]
Mar 13 10:19:51 mnecas kernel: [    0.455699] pci 0000:00:02.7:   bridge window [mem 0xfda00000-0xfdbfffff]
Mar 13 10:19:51 mnecas kernel: [    0.455730] pci 0000:00:02.7:   bridge window [mem 0xe0c00000000-0xe0dffffffff 64bit pref]
Mar 13 10:19:51 mnecas kernel: [    0.456865] acpiphp: Slot [0-9] registered
Mar 13 10:19:51 mnecas kernel: [    0.466854] pci 0000:00:03.0: PCI bridge to [bus 09]
Mar 13 10:19:51 mnecas kernel: [    0.466902] pci 0000:00:03.0:   bridge window [mem 0xfd800000-0xfd9fffff]
Mar 13 10:19:51 mnecas kernel: [    0.466936] pci 0000:00:03.0:   bridge window [mem 0xe0a00000000-0xe0bffffffff 64bit pref]
Mar 13 10:19:51 mnecas kernel: [    0.467855] acpiphp: Slot [0-10] registered
Mar 13 10:19:51 mnecas kernel: [    0.477761] pci 0000:00:03.1: PCI bridge to [bus 0a]
Mar 13 10:19:51 mnecas kernel: [    0.477798] pci 0000:00:03.1:   bridge window [mem 0xfd600000-0xfd7fffff]
Mar 13 10:19:51 mnecas kernel: [    0.477830] pci 0000:00:03.1:   bridge window [mem 0xe0800000000-0xe09ffffffff 64bit pref]
Mar 13 10:19:51 mnecas kernel: [    0.478960] acpiphp: Slot [0-11] registered
Mar 13 10:19:51 mnecas kernel: [    0.489420] pci 0000:00:03.2: PCI bridge to [bus 0b]
Mar 13 10:19:51 mnecas kernel: [    0.489460] pci 0000:00:03.2:   bridge window [mem 0xfd400000-0xfd5fffff]
Mar 13 10:19:51 mnecas kernel: [    0.489491] pci 0000:00:03.2:   bridge window [mem 0xe0600000000-0xe07ffffffff 64bit pref]
Mar 13 10:19:51 mnecas kernel: [    0.490642] acpiphp: Slot [0-12] registered
Mar 13 10:19:51 mnecas kernel: [    0.500805] pci 0000:00:03.3: PCI bridge to [bus 0c]
Mar 13 10:19:51 mnecas kernel: [    0.500839] pci 0000:00:03.3:   bridge window [mem 0xfd200000-0xfd3fffff]
Mar 13 10:19:51 mnecas kernel: [    0.500870] pci 0000:00:03.3:   bridge window [mem 0xe0400000000-0xe05ffffffff 64bit pref]
Mar 13 10:19:51 mnecas kernel: [    0.501978] acpiphp: Slot [0-13] registered
Mar 13 10:19:51 mnecas kernel: [    0.511774] pci 0000:00:03.4: PCI bridge to [bus 0d]
Mar 13 10:19:51 mnecas kernel: [    0.511811] pci 0000:00:03.4:   bridge window [mem 0xfd000000-0xfd1fffff]
Mar 13 10:19:51 mnecas kernel: [    0.511843] pci 0000:00:03.4:   bridge window [mem 0xe0200000000-0xe03ffffffff 64bit pref]
Mar 13 10:19:51 mnecas kernel: [    0.512949] acpiphp: Slot [0-14] registered
Mar 13 10:19:51 mnecas kernel: [    0.522997] pci 0000:00:03.5: PCI bridge to [bus 0e]
Mar 13 10:19:51 mnecas kernel: [    0.523040] pci 0000:00:03.5:   bridge window [mem 0xfce00000-0xfcffffff]
Mar 13 10:19:51 mnecas kernel: [    0.523071] pci 0000:00:03.5:   bridge window [mem 0xe0000000000-0xe01ffffffff 64bit pref]
Mar 13 10:19:51 mnecas kernel: [    0.534661] ACPI: PCI Interrupt Link [LNKA] (IRQs 5 *10 11)
Mar 13 10:19:51 mnecas kernel: [    0.534753] ACPI: PCI Interrupt Link [LNKB] (IRQs 5 *10 11)
Mar 13 10:19:51 mnecas kernel: [    0.534826] ACPI: PCI Interrupt Link [LNKC] (IRQs 5 10 *11)
Mar 13 10:19:51 mnecas kernel: [    0.534898] ACPI: PCI Interrupt Link [LNKD] (IRQs 5 10 *11)
Mar 13 10:19:51 mnecas kernel: [    0.534969] ACPI: PCI Interrupt Link [LNKE] (IRQs 5 *10 11)
Mar 13 10:19:51 mnecas kernel: [    0.535039] ACPI: PCI Interrupt Link [LNKF] (IRQs 5 *10 11)
Mar 13 10:19:51 mnecas kernel: [    0.535109] ACPI: PCI Interrupt Link [LNKG] (IRQs 5 10 *11)
Mar 13 10:19:51 mnecas kernel: [    0.535184] ACPI: PCI Interrupt Link [LNKH] (IRQs 5 10 *11)
Mar 13 10:19:51 mnecas kernel: [    0.535215] ACPI: PCI Interrupt Link [GSIA] (IRQs *16)
Mar 13 10:19:51 mnecas kernel: [    0.535223] ACPI: PCI Interrupt Link [GSIB] (IRQs *17)
Mar 13 10:19:51 mnecas kernel: [    0.535232] ACPI: PCI Interrupt Link [GSIC] (IRQs *18)
Mar 13 10:19:51 mnecas kernel: [    0.535240] ACPI: PCI Interrupt Link [GSID] (IRQs *19)
Mar 13 10:19:51 mnecas kernel: [    0.535248] ACPI: PCI Interrupt Link [GSIE] (IRQs *20)
Mar 13 10:19:51 mnecas kernel: [    0.535255] ACPI: PCI Interrupt Link [GSIF] (IRQs *21)
Mar 13 10:19:51 mnecas kernel: [    0.535263] ACPI: PCI Interrupt Link [GSIG] (IRQs *22)
Mar 13 10:19:51 mnecas kernel: [    0.535271] ACPI: PCI Interrupt Link [GSIH] (IRQs *23)
Mar 13 10:19:51 mnecas kernel: [    0.535518] iommu: Default domain type: Translated 
Mar 13 10:19:51 mnecas kernel: [    0.535518] SCSI subsystem initialized
Mar 13 10:19:51 mnecas kernel: [    0.535518] libata version 3.00 loaded.
Mar 13 10:19:51 mnecas kernel: [    0.535518] pci 0000:00:01.0: vgaarb: setting as boot VGA device
Mar 13 10:19:51 mnecas kernel: [    0.535518] pci 0000:00:01.0: vgaarb: VGA device added: decodes=io+mem,owns=io+mem,locks=none
Mar 13 10:19:51 mnecas kernel: [    0.535518] pci 0000:00:01.0: vgaarb: bridge control possible
Mar 13 10:19:51 mnecas kernel: [    0.535518] vgaarb: loaded
Mar 13 10:19:51 mnecas kernel: [    0.535518] ACPI: bus type USB registered
Mar 13 10:19:51 mnecas kernel: [    0.535518] usbcore: registered new interface driver usbfs
Mar 13 10:19:51 mnecas kernel: [    0.535518] usbcore: registered new interface driver hub
Mar 13 10:19:51 mnecas kernel: [    0.535518] usbcore: registered new device driver usb
Mar 13 10:19:51 mnecas kernel: [    0.535518] pps_core: LinuxPPS API ver. 1 registered
Mar 13 10:19:51 mnecas kernel: [    0.535518] pps_core: Software ver. 5.3.6 - Copyright 2005-2007 Rodolfo Giometti <giometti@linux.it>
Mar 13 10:19:51 mnecas kernel: [    0.535518] PTP clock support registered
Mar 13 10:19:51 mnecas kernel: [    0.535518] EDAC MC: Ver: 3.0.0
Mar 13 10:19:51 mnecas kernel: [    0.535674] PCI: Using ACPI for IRQ routing
Mar 13 10:19:51 mnecas kernel: [    0.647478] PCI: pci_cache_line_size set to 64 bytes
Mar 13 10:19:51 mnecas kernel: [    0.647743] e820: reserve RAM buffer [mem 0x0009fc00-0x0009ffff]
Mar 13 10:19:51 mnecas kernel: [    0.647745] e820: reserve RAM buffer [mem 0x7ffdc000-0x7fffffff]
Mar 13 10:19:51 mnecas kernel: [    0.647848] NetLabel: Initializing
Mar 13 10:19:51 mnecas kernel: [    0.647852] NetLabel:  domain hash size = 128
Mar 13 10:19:51 mnecas kernel: [    0.647852] NetLabel:  protocols = UNLABELED CIPSOv4 CALIPSO
Mar 13 10:19:51 mnecas kernel: [    0.647862] NetLabel:  unlabeled traffic allowed by default
Mar 13 10:19:51 mnecas kernel: [    0.648181] clocksource: Switched to clocksource kvm-clock
Mar 13 10:19:51 mnecas kernel: [    0.654621] *** VALIDATE bpf ***
Mar 13 10:19:51 mnecas kernel: [    0.654658] VFS: Disk quotas dquot_6.6.0
Mar 13 10:19:51 mnecas kernel: [    0.654667] VFS: Dquot-cache hash table entries: 512 (order 0, 4096 bytes)
Mar 13 10:19:51 mnecas kernel: [    0.654691] *** VALIDATE ramfs ***
Mar 13 10:19:51 mnecas kernel: [    0.654694] *** VALIDATE hugetlbfs ***
Mar 13 10:19:51 mnecas kernel: [    0.654742] AppArmor: AppArmor Filesystem Enabled
Mar 13 10:19:51 mnecas kernel: [    0.654761] pnp: PnP ACPI init
Mar 13 10:19:51 mnecas kernel: [    0.654838] pnp 00:00: Plug and Play ACPI device, IDs PNP0501 (active)
Mar 13 10:19:51 mnecas kernel: [    0.654847] pnp 00:01: Plug and Play ACPI device, IDs PNP0303 (active)
Mar 13 10:19:51 mnecas kernel: [    0.654856] pnp 00:02: Plug and Play ACPI device, IDs PNP0f13 (active)
Mar 13 10:19:51 mnecas kernel: [    0.654865] pnp 00:03: Plug and Play ACPI device, IDs PNP0b00 (active)
Mar 13 10:19:51 mnecas kernel: [    0.654890] system 00:04: [mem 0xb0000000-0xbfffffff window] has been reserved
Mar 13 10:19:51 mnecas kernel: [    0.654893] system 00:04: Plug and Play ACPI device, IDs PNP0c01 (active)
Mar 13 10:19:51 mnecas kernel: [    0.655025] pnp: PnP ACPI: found 5 devices
Mar 13 10:19:51 mnecas kernel: [    0.657025] thermal_sys: Registered thermal governor 'fair_share'
Mar 13 10:19:51 mnecas kernel: [    0.657026] thermal_sys: Registered thermal governor 'bang_bang'
Mar 13 10:19:51 mnecas kernel: [    0.657027] thermal_sys: Registered thermal governor 'step_wise'
Mar 13 10:19:51 mnecas kernel: [    0.657028] thermal_sys: Registered thermal governor 'user_space'
Mar 13 10:19:51 mnecas kernel: [    0.657028] thermal_sys: Registered thermal governor 'power_allocator'
Mar 13 10:19:51 mnecas kernel: [    0.661552] clocksource: acpi_pm: mask: 0xffffff max_cycles: 0xffffff, max_idle_ns: 2085701024 ns
Mar 13 10:19:51 mnecas kernel: [    0.661574] pci 0000:00:02.0: bridge window [io  0x1000-0x0fff] to [bus 01] add_size 1000
Mar 13 10:19:51 mnecas kernel: [    0.661576] pci 0000:00:02.1: bridge window [io  0x1000-0x0fff] to [bus 02] add_size 1000
Mar 13 10:19:51 mnecas kernel: [    0.661577] pci 0000:00:02.2: bridge window [io  0x1000-0x0fff] to [bus 03] add_size 1000
Mar 13 10:19:51 mnecas kernel: [    0.661578] pci 0000:00:02.3: bridge window [io  0x1000-0x0fff] to [bus 04] add_size 1000
Mar 13 10:19:51 mnecas kernel: [    0.661580] pci 0000:00:02.4: bridge window [io  0x1000-0x0fff] to [bus 05] add_size 1000
Mar 13 10:19:51 mnecas kernel: [    0.661581] pci 0000:00:02.5: bridge window [io  0x1000-0x0fff] to [bus 06] add_size 1000
Mar 13 10:19:51 mnecas kernel: [    0.661583] pci 0000:00:02.6: bridge window [io  0x1000-0x0fff] to [bus 07] add_size 1000
Mar 13 10:19:51 mnecas kernel: [    0.661584] pci 0000:00:02.7: bridge window [io  0x1000-0x0fff] to [bus 08] add_size 1000
Mar 13 10:19:51 mnecas kernel: [    0.661585] pci 0000:00:03.0: bridge window [io  0x1000-0x0fff] to [bus 09] add_size 1000
Mar 13 10:19:51 mnecas kernel: [    0.661587] pci 0000:00:03.1: bridge window [io  0x1000-0x0fff] to [bus 0a] add_size 1000
Mar 13 10:19:51 mnecas kernel: [    0.661588] pci 0000:00:03.2: bridge window [io  0x1000-0x0fff] to [bus 0b] add_size 1000
Mar 13 10:19:51 mnecas kernel: [    0.661589] pci 0000:00:03.3: bridge window [io  0x1000-0x0fff] to [bus 0c] add_size 1000
Mar 13 10:19:51 mnecas kernel: [    0.661590] pci 0000:00:03.4: bridge window [io  0x1000-0x0fff] to [bus 0d] add_size 1000
Mar 13 10:19:51 mnecas kernel: [    0.661592] pci 0000:00:03.5: bridge window [io  0x1000-0x0fff] to [bus 0e] add_size 1000
Mar 13 10:19:51 mnecas kernel: [    0.661598] pci 0000:00:02.0: BAR 13: assigned [io  0x1000-0x1fff]
Mar 13 10:19:51 mnecas kernel: [    0.661599] pci 0000:00:02.1: BAR 13: assigned [io  0x2000-0x2fff]
Mar 13 10:19:51 mnecas kernel: [    0.661600] pci 0000:00:02.2: BAR 13: assigned [io  0x3000-0x3fff]
Mar 13 10:19:51 mnecas kernel: [    0.661601] pci 0000:00:02.3: BAR 13: assigned [io  0x4000-0x4fff]
Mar 13 10:19:51 mnecas kernel: [    0.661602] pci 0000:00:02.4: BAR 13: assigned [io  0x5000-0x5fff]
Mar 13 10:19:51 mnecas kernel: [    0.661603] pci 0000:00:02.5: BAR 13: assigned [io  0x6000-0x6fff]
Mar 13 10:19:51 mnecas kernel: [    0.661605] pci 0000:00:02.6: BAR 13: assigned [io  0x7000-0x7fff]
Mar 13 10:19:51 mnecas kernel: [    0.661606] pci 0000:00:02.7: BAR 13: assigned [io  0x8000-0x8fff]
Mar 13 10:19:51 mnecas kernel: [    0.661607] pci 0000:00:03.0: BAR 13: assigned [io  0x9000-0x9fff]
Mar 13 10:19:51 mnecas kernel: [    0.661608] pci 0000:00:03.1: BAR 13: assigned [io  0xa000-0xafff]
Mar 13 10:19:51 mnecas kernel: [    0.661609] pci 0000:00:03.2: BAR 13: assigned [io  0xb000-0xbfff]
Mar 13 10:19:51 mnecas kernel: [    0.661610] pci 0000:00:03.3: BAR 13: assigned [io  0xd000-0xdfff]
Mar 13 10:19:51 mnecas kernel: [    0.661611] pci 0000:00:03.4: BAR 13: assigned [io  0xe000-0xefff]
Mar 13 10:19:51 mnecas kernel: [    0.661612] pci 0000:00:03.5: BAR 13: assigned [io  0xf000-0xffff]
Mar 13 10:19:51 mnecas kernel: [    0.661615] pci 0000:00:02.0: PCI bridge to [bus 01]
Mar 13 10:19:51 mnecas kernel: [    0.661623] pci 0000:00:02.0:   bridge window [io  0x1000-0x1fff]
Mar 13 10:19:51 mnecas kernel: [    0.663263] pci 0000:00:02.0:   bridge window [mem 0xfe800000-0xfe9fffff]
Mar 13 10:19:51 mnecas kernel: [    0.664211] pci 0000:00:02.0:   bridge window [mem 0xe1a00000000-0xe1bffffffff 64bit pref]
Mar 13 10:19:51 mnecas kernel: [    0.666101] pci 0000:00:02.1: PCI bridge to [bus 02]
Mar 13 10:19:51 mnecas kernel: [    0.666110] pci 0000:00:02.1:   bridge window [io  0x2000-0x2fff]
Mar 13 10:19:51 mnecas kernel: [    0.667618] pci 0000:00:02.1:   bridge window [mem 0xfe600000-0xfe7fffff]
Mar 13 10:19:51 mnecas kernel: [    0.668696] pci 0000:00:02.1:   bridge window [mem 0xe1800000000-0xe19ffffffff 64bit pref]
Mar 13 10:19:51 mnecas kernel: [    0.670858] pci 0000:00:02.2: PCI bridge to [bus 03]
Mar 13 10:19:51 mnecas kernel: [    0.670865] pci 0000:00:02.2:   bridge window [io  0x3000-0x3fff]
Mar 13 10:19:51 mnecas kernel: [    0.672260] pci 0000:00:02.2:   bridge window [mem 0xfe400000-0xfe5fffff]
Mar 13 10:19:51 mnecas kernel: [    0.675605] pci 0000:00:02.2:   bridge window [mem 0xe1600000000-0xe17ffffffff 64bit pref]
Mar 13 10:19:51 mnecas kernel: [    0.676676] pci 0000:00:02.3: PCI bridge to [bus 04]
Mar 13 10:19:51 mnecas kernel: [    0.676684] pci 0000:00:02.3:   bridge window [io  0x4000-0x4fff]
Mar 13 10:19:51 mnecas kernel: [    0.677474] pci 0000:00:02.3:   bridge window [mem 0xfe200000-0xfe3fffff]
Mar 13 10:19:51 mnecas kernel: [    0.678625] pci 0000:00:02.3:   bridge window [mem 0xe1400000000-0xe15ffffffff 64bit pref]
Mar 13 10:19:51 mnecas kernel: [    0.680362] pci 0000:00:02.4: PCI bridge to [bus 05]
Mar 13 10:19:51 mnecas kernel: [    0.680588] pci 0000:00:02.4:   bridge window [io  0x5000-0x5fff]
Mar 13 10:19:51 mnecas kernel: [    0.681673] pci 0000:00:02.4:   bridge window [mem 0xfe000000-0xfe1fffff]
Mar 13 10:19:51 mnecas kernel: [    0.682379] pci 0000:00:02.4:   bridge window [mem 0xe1200000000-0xe13ffffffff 64bit pref]
Mar 13 10:19:51 mnecas kernel: [    0.684000] pci 0000:00:02.5: PCI bridge to [bus 06]
Mar 13 10:19:51 mnecas kernel: [    0.684009] pci 0000:00:02.5:   bridge window [io  0x6000-0x6fff]
Mar 13 10:19:51 mnecas kernel: [    0.685558] pci 0000:00:02.5:   bridge window [mem 0xfde00000-0xfdffffff]
Mar 13 10:19:51 mnecas kernel: [    0.689338] pci 0000:00:02.5:   bridge window [mem 0xe1000000000-0xe11ffffffff 64bit pref]
Mar 13 10:19:51 mnecas kernel: [    0.690614] pci 0000:00:02.6: PCI bridge to [bus 07]
Mar 13 10:19:51 mnecas kernel: [    0.690623] pci 0000:00:02.6:   bridge window [io  0x7000-0x7fff]
Mar 13 10:19:51 mnecas kernel: [    0.691429] pci 0000:00:02.6:   bridge window [mem 0xfdc00000-0xfddfffff]
Mar 13 10:19:51 mnecas kernel: [    0.691959] pci 0000:00:02.6:   bridge window [mem 0xe0e00000000-0xe0fffffffff 64bit pref]
Mar 13 10:19:51 mnecas kernel: [    0.693121] pci 0000:00:02.7: PCI bridge to [bus 08]
Mar 13 10:19:51 mnecas kernel: [    0.693129] pci 0000:00:02.7:   bridge window [io  0x8000-0x8fff]
Mar 13 10:19:51 mnecas kernel: [    0.694064] pci 0000:00:02.7:   bridge window [mem 0xfda00000-0xfdbfffff]
Mar 13 10:19:51 mnecas kernel: [    0.694866] pci 0000:00:02.7:   bridge window [mem 0xe0c00000000-0xe0dffffffff 64bit pref]
Mar 13 10:19:51 mnecas kernel: [    0.696520] pci 0000:00:03.0: PCI bridge to [bus 09]
Mar 13 10:19:51 mnecas kernel: [    0.696528] pci 0000:00:03.0:   bridge window [io  0x9000-0x9fff]
Mar 13 10:19:51 mnecas kernel: [    0.697923] pci 0000:00:03.0:   bridge window [mem 0xfd800000-0xfd9fffff]
Mar 13 10:19:51 mnecas kernel: [    0.700999] pci 0000:00:03.0:   bridge window [mem 0xe0a00000000-0xe0bffffffff 64bit pref]
Mar 13 10:19:51 mnecas kernel: [    0.703712] pci 0000:00:03.1: PCI bridge to [bus 0a]
Mar 13 10:19:51 mnecas kernel: [    0.703723] pci 0000:00:03.1:   bridge window [io  0xa000-0xafff]
Mar 13 10:19:51 mnecas kernel: [    0.704715] pci 0000:00:03.1:   bridge window [mem 0xfd600000-0xfd7fffff]
Mar 13 10:19:51 mnecas kernel: [    0.705387] pci 0000:00:03.1:   bridge window [mem 0xe0800000000-0xe09ffffffff 64bit pref]
Mar 13 10:19:51 mnecas kernel: [    0.706641] pci 0000:00:03.2: PCI bridge to [bus 0b]
Mar 13 10:19:51 mnecas kernel: [    0.706650] pci 0000:00:03.2:   bridge window [io  0xb000-0xbfff]
Mar 13 10:19:51 mnecas kernel: [    0.707678] pci 0000:00:03.2:   bridge window [mem 0xfd400000-0xfd5fffff]
Mar 13 10:19:51 mnecas kernel: [    0.708359] pci 0000:00:03.2:   bridge window [mem 0xe0600000000-0xe07ffffffff 64bit pref]
Mar 13 10:19:51 mnecas kernel: [    0.709843] pci 0000:00:03.3: PCI bridge to [bus 0c]
Mar 13 10:19:51 mnecas kernel: [    0.709853] pci 0000:00:03.3:   bridge window [io  0xd000-0xdfff]
Mar 13 10:19:51 mnecas kernel: [    0.711035] pci 0000:00:03.3:   bridge window [mem 0xfd200000-0xfd3fffff]
Mar 13 10:19:51 mnecas kernel: [    0.711936] pci 0000:00:03.3:   bridge window [mem 0xe0400000000-0xe05ffffffff 64bit pref]
Mar 13 10:19:51 mnecas kernel: [    0.717737] pci 0000:00:03.4: PCI bridge to [bus 0d]
Mar 13 10:19:51 mnecas kernel: [    0.717746] pci 0000:00:03.4:   bridge window [io  0xe000-0xefff]
Mar 13 10:19:51 mnecas kernel: [    0.718575] pci 0000:00:03.4:   bridge window [mem 0xfd000000-0xfd1fffff]
Mar 13 10:19:51 mnecas kernel: [    0.719143] pci 0000:00:03.4:   bridge window [mem 0xe0200000000-0xe03ffffffff 64bit pref]
Mar 13 10:19:51 mnecas kernel: [    0.720275] pci 0000:00:03.5: PCI bridge to [bus 0e]
Mar 13 10:19:51 mnecas kernel: [    0.720283] pci 0000:00:03.5:   bridge window [io  0xf000-0xffff]
Mar 13 10:19:51 mnecas kernel: [    0.721107] pci 0000:00:03.5:   bridge window [mem 0xfce00000-0xfcffffff]
Mar 13 10:19:51 mnecas kernel: [    0.721673] pci 0000:00:03.5:   bridge window [mem 0xe0000000000-0xe01ffffffff 64bit pref]
Mar 13 10:19:51 mnecas kernel: [    0.722818] pci_bus 0000:00: resource 4 [io  0x0000-0x0cf7 window]
Mar 13 10:19:51 mnecas kernel: [    0.722820] pci_bus 0000:00: resource 5 [io  0x0d00-0xffff window]
Mar 13 10:19:51 mnecas kernel: [    0.722822] pci_bus 0000:00: resource 6 [mem 0x000a0000-0x000bffff window]
Mar 13 10:19:51 mnecas kernel: [    0.722823] pci_bus 0000:00: resource 7 [mem 0x80000000-0xafffffff window]
Mar 13 10:19:51 mnecas kernel: [    0.722824] pci_bus 0000:00: resource 8 [mem 0xc0000000-0xfebfffff window]
Mar 13 10:19:51 mnecas kernel: [    0.722825] pci_bus 0000:00: resource 9 [mem 0xe0000000000-0xe1c00003fff window]
Mar 13 10:19:51 mnecas kernel: [    0.722827] pci_bus 0000:01: resource 0 [io  0x1000-0x1fff]
Mar 13 10:19:51 mnecas kernel: [    0.722828] pci_bus 0000:01: resource 1 [mem 0xfe800000-0xfe9fffff]
Mar 13 10:19:51 mnecas kernel: [    0.722829] pci_bus 0000:01: resource 2 [mem 0xe1a00000000-0xe1bffffffff 64bit pref]
Mar 13 10:19:51 mnecas kernel: [    0.722831] pci_bus 0000:02: resource 0 [io  0x2000-0x2fff]
Mar 13 10:19:51 mnecas kernel: [    0.722832] pci_bus 0000:02: resource 1 [mem 0xfe600000-0xfe7fffff]
Mar 13 10:19:51 mnecas kernel: [    0.722833] pci_bus 0000:02: resource 2 [mem 0xe1800000000-0xe19ffffffff 64bit pref]
Mar 13 10:19:51 mnecas kernel: [    0.722835] pci_bus 0000:03: resource 0 [io  0x3000-0x3fff]
Mar 13 10:19:51 mnecas kernel: [    0.722836] pci_bus 0000:03: resource 1 [mem 0xfe400000-0xfe5fffff]
Mar 13 10:19:51 mnecas kernel: [    0.722837] pci_bus 0000:03: resource 2 [mem 0xe1600000000-0xe17ffffffff 64bit pref]
Mar 13 10:19:51 mnecas kernel: [    0.722838] pci_bus 0000:04: resource 0 [io  0x4000-0x4fff]
Mar 13 10:19:51 mnecas kernel: [    0.722839] pci_bus 0000:04: resource 1 [mem 0xfe200000-0xfe3fffff]
Mar 13 10:19:51 mnecas kernel: [    0.722840] pci_bus 0000:04: resource 2 [mem 0xe1400000000-0xe15ffffffff 64bit pref]
Mar 13 10:19:51 mnecas kernel: [    0.722842] pci_bus 0000:05: resource 0 [io  0x5000-0x5fff]
Mar 13 10:19:51 mnecas kernel: [    0.722843] pci_bus 0000:05: resource 1 [mem 0xfe000000-0xfe1fffff]
Mar 13 10:19:51 mnecas kernel: [    0.722844] pci_bus 0000:05: resource 2 [mem 0xe1200000000-0xe13ffffffff 64bit pref]
Mar 13 10:19:51 mnecas kernel: [    0.722845] pci_bus 0000:06: resource 0 [io  0x6000-0x6fff]
Mar 13 10:19:51 mnecas kernel: [    0.722846] pci_bus 0000:06: resource 1 [mem 0xfde00000-0xfdffffff]
Mar 13 10:19:51 mnecas kernel: [    0.722847] pci_bus 0000:06: resource 2 [mem 0xe1000000000-0xe11ffffffff 64bit pref]
Mar 13 10:19:51 mnecas kernel: [    0.722849] pci_bus 0000:07: resource 0 [io  0x7000-0x7fff]
Mar 13 10:19:51 mnecas kernel: [    0.722850] pci_bus 0000:07: resource 1 [mem 0xfdc00000-0xfddfffff]
Mar 13 10:19:51 mnecas kernel: [    0.722851] pci_bus 0000:07: resource 2 [mem 0xe0e00000000-0xe0fffffffff 64bit pref]
Mar 13 10:19:51 mnecas kernel: [    0.722852] pci_bus 0000:08: resource 0 [io  0x8000-0x8fff]
Mar 13 10:19:51 mnecas kernel: [    0.722853] pci_bus 0000:08: resource 1 [mem 0xfda00000-0xfdbfffff]
Mar 13 10:19:51 mnecas kernel: [    0.722854] pci_bus 0000:08: resource 2 [mem 0xe0c00000000-0xe0dffffffff 64bit pref]
Mar 13 10:19:51 mnecas kernel: [    0.722855] pci_bus 0000:09: resource 0 [io  0x9000-0x9fff]
Mar 13 10:19:51 mnecas kernel: [    0.722856] pci_bus 0000:09: resource 1 [mem 0xfd800000-0xfd9fffff]
Mar 13 10:19:51 mnecas kernel: [    0.722857] pci_bus 0000:09: resource 2 [mem 0xe0a00000000-0xe0bffffffff 64bit pref]
Mar 13 10:19:51 mnecas kernel: [    0.722859] pci_bus 0000:0a: resource 0 [io  0xa000-0xafff]
Mar 13 10:19:51 mnecas kernel: [    0.722860] pci_bus 0000:0a: resource 1 [mem 0xfd600000-0xfd7fffff]
Mar 13 10:19:51 mnecas kernel: [    0.722861] pci_bus 0000:0a: resource 2 [mem 0xe0800000000-0xe09ffffffff 64bit pref]
Mar 13 10:19:51 mnecas kernel: [    0.722862] pci_bus 0000:0b: resource 0 [io  0xb000-0xbfff]
Mar 13 10:19:51 mnecas kernel: [    0.722863] pci_bus 0000:0b: resource 1 [mem 0xfd400000-0xfd5fffff]
Mar 13 10:19:51 mnecas kernel: [    0.722864] pci_bus 0000:0b: resource 2 [mem 0xe0600000000-0xe07ffffffff 64bit pref]
Mar 13 10:19:51 mnecas kernel: [    0.722865] pci_bus 0000:0c: resource 0 [io  0xd000-0xdfff]
Mar 13 10:19:51 mnecas kernel: [    0.722866] pci_bus 0000:0c: resource 1 [mem 0xfd200000-0xfd3fffff]
Mar 13 10:19:51 mnecas kernel: [    0.722867] pci_bus 0000:0c: resource 2 [mem 0xe0400000000-0xe05ffffffff 64bit pref]
Mar 13 10:19:51 mnecas kernel: [    0.722869] pci_bus 0000:0d: resource 0 [io  0xe000-0xefff]
Mar 13 10:19:51 mnecas kernel: [    0.722869] pci_bus 0000:0d: resource 1 [mem 0xfd000000-0xfd1fffff]
Mar 13 10:19:51 mnecas kernel: [    0.722870] pci_bus 0000:0d: resource 2 [mem 0xe0200000000-0xe03ffffffff 64bit pref]
Mar 13 10:19:51 mnecas kernel: [    0.722872] pci_bus 0000:0e: resource 0 [io  0xf000-0xffff]
Mar 13 10:19:51 mnecas kernel: [    0.722873] pci_bus 0000:0e: resource 1 [mem 0xfce00000-0xfcffffff]
Mar 13 10:19:51 mnecas kernel: [    0.722874] pci_bus 0000:0e: resource 2 [mem 0xe0000000000-0xe01ffffffff 64bit pref]
Mar 13 10:19:51 mnecas kernel: [    0.722936] NET: Registered protocol family 2
Mar 13 10:19:51 mnecas kernel: [    0.723010] IP idents hash table entries: 65536 (order: 7, 524288 bytes, linear)
Mar 13 10:19:51 mnecas kernel: [    0.723371] tcp_listen_portaddr_hash hash table entries: 2048 (order: 3, 32768 bytes, linear)
Mar 13 10:19:51 mnecas kernel: [    0.723424] TCP established hash table entries: 32768 (order: 6, 262144 bytes, linear)
Mar 13 10:19:51 mnecas kernel: [    0.723696] TCP bind hash table entries: 32768 (order: 7, 524288 bytes, linear)
Mar 13 10:19:51 mnecas kernel: [    0.723718] TCP: Hash tables configured (established 32768 bind 32768)
Mar 13 10:19:51 mnecas kernel: [    0.723744] UDP hash table entries: 2048 (order: 4, 65536 bytes, linear)
Mar 13 10:19:51 mnecas kernel: [    0.723751] UDP-Lite hash table entries: 2048 (order: 4, 65536 bytes, linear)
Mar 13 10:19:51 mnecas kernel: [    0.723780] NET: Registered protocol family 1
Mar 13 10:19:51 mnecas kernel: [    0.723788] NET: Registered protocol family 44
Mar 13 10:19:51 mnecas kernel: [    0.723828] pci 0000:00:01.0: Video device with shadowed ROM at [mem 0x000c0000-0x000dffff]
Mar 13 10:19:51 mnecas kernel: [    0.724157] PCI Interrupt Link [GSIG] enabled at IRQ 22
Mar 13 10:19:51 mnecas kernel: [    0.725564] PCI: CLS 0 bytes, default 64
Mar 13 10:19:51 mnecas kernel: [    0.725607] Trying to unpack rootfs image as initramfs...
Mar 13 10:19:51 mnecas kernel: [    0.847597] Freeing initrd memory: 90800K
Mar 13 10:19:51 mnecas kernel: [    0.847683] PCI-DMA: Using software bounce buffering for IO (SWIOTLB)
Mar 13 10:19:51 mnecas kernel: [    0.847685] software IO TLB: mapped [mem 0x7bfdc000-0x7ffdc000] (64MB)
Mar 13 10:19:51 mnecas kernel: [    0.847719] clocksource: tsc: mask: 0xffffffffffffffff max_cycles: 0x2c47f5688fc, max_idle_ns: 440795305069 ns
Mar 13 10:19:51 mnecas kernel: [    0.847861] check: Scanning for low memory corruption every 60 seconds
Mar 13 10:19:51 mnecas kernel: [    0.848165] Initialise system trusted keyrings
Mar 13 10:19:51 mnecas kernel: [    0.848172] Key type blacklist registered
Mar 13 10:19:51 mnecas kernel: [    0.848205] workingset: timestamp_bits=36 max_order=20 bucket_order=0
Mar 13 10:19:51 mnecas kernel: [    0.848666] zbud: loaded
Mar 13 10:19:51 mnecas kernel: [    0.848812] squashfs: version 4.0 (2009/01/31) Phillip Lougher
Mar 13 10:19:51 mnecas kernel: [    0.848929] fuse: init (API version 7.31)
Mar 13 10:19:51 mnecas kernel: [    0.848936] *** VALIDATE fuse ***
Mar 13 10:19:51 mnecas kernel: [    0.848937] *** VALIDATE fuse ***
Mar 13 10:19:51 mnecas kernel: [    0.848993] Platform Keyring initialized
Mar 13 10:19:51 mnecas kernel: [    0.850593] Key type asymmetric registered
Mar 13 10:19:51 mnecas kernel: [    0.850594] Asymmetric key parser 'x509' registered
Mar 13 10:19:51 mnecas kernel: [    0.850601] Block layer SCSI generic (bsg) driver version 0.4 loaded (major 244)
Mar 13 10:19:51 mnecas kernel: [    0.850634] io scheduler mq-deadline registered
Mar 13 10:19:51 mnecas kernel: [    0.852796] pcieport 0000:00:02.0: PME: Signaling with IRQ 24
Mar 13 10:19:51 mnecas kernel: [    0.852951] pcieport 0000:00:02.0: AER: enabled with IRQ 24
Mar 13 10:19:51 mnecas kernel: [    0.853770] pcieport 0000:00:02.1: PME: Signaling with IRQ 25
Mar 13 10:19:51 mnecas kernel: [    0.853882] pcieport 0000:00:02.1: AER: enabled with IRQ 25
Mar 13 10:19:51 mnecas kernel: [    0.855699] pcieport 0000:00:02.2: PME: Signaling with IRQ 26
Mar 13 10:19:51 mnecas kernel: [    0.855809] pcieport 0000:00:02.2: AER: enabled with IRQ 26
Mar 13 10:19:51 mnecas kernel: [    0.857936] pcieport 0000:00:02.3: PME: Signaling with IRQ 27
Mar 13 10:19:51 mnecas kernel: [    0.858050] pcieport 0000:00:02.3: AER: enabled with IRQ 27
Mar 13 10:19:51 mnecas kernel: [    0.859861] pcieport 0000:00:02.4: PME: Signaling with IRQ 28
Mar 13 10:19:51 mnecas kernel: [    0.860137] pcieport 0000:00:02.4: AER: enabled with IRQ 28
Mar 13 10:19:51 mnecas kernel: [    0.864093] pcieport 0000:00:02.5: PME: Signaling with IRQ 29
Mar 13 10:19:51 mnecas kernel: [    0.864238] pcieport 0000:00:02.5: AER: enabled with IRQ 29
Mar 13 10:19:51 mnecas kernel: [    0.865554] pcieport 0000:00:02.6: PME: Signaling with IRQ 30
Mar 13 10:19:51 mnecas kernel: [    0.865894] pcieport 0000:00:02.6: AER: enabled with IRQ 30
Mar 13 10:19:51 mnecas kernel: [    0.867267] pcieport 0000:00:02.7: PME: Signaling with IRQ 31
Mar 13 10:19:51 mnecas kernel: [    0.867421] pcieport 0000:00:02.7: AER: enabled with IRQ 31
Mar 13 10:19:51 mnecas kernel: [    0.867717] PCI Interrupt Link [GSIH] enabled at IRQ 23
Mar 13 10:19:51 mnecas kernel: [    0.868682] pcieport 0000:00:03.0: PME: Signaling with IRQ 32
Mar 13 10:19:51 mnecas kernel: [    0.868820] pcieport 0000:00:03.0: AER: enabled with IRQ 32
Mar 13 10:19:51 mnecas kernel: [    0.870380] pcieport 0000:00:03.1: PME: Signaling with IRQ 33
Mar 13 10:19:51 mnecas kernel: [    0.870512] pcieport 0000:00:03.1: AER: enabled with IRQ 33
Mar 13 10:19:51 mnecas kernel: [    0.872034] pcieport 0000:00:03.2: PME: Signaling with IRQ 34
Mar 13 10:19:51 mnecas kernel: [    0.872144] pcieport 0000:00:03.2: AER: enabled with IRQ 34
Mar 13 10:19:51 mnecas kernel: [    0.873969] pcieport 0000:00:03.3: PME: Signaling with IRQ 35
Mar 13 10:19:51 mnecas kernel: [    0.875476] pcieport 0000:00:03.3: AER: enabled with IRQ 35
Mar 13 10:19:51 mnecas kernel: [    0.876758] pcieport 0000:00:03.4: PME: Signaling with IRQ 36
Mar 13 10:19:51 mnecas kernel: [    0.876874] pcieport 0000:00:03.4: AER: enabled with IRQ 36
Mar 13 10:19:51 mnecas kernel: [    0.878089] pcieport 0000:00:03.5: PME: Signaling with IRQ 37
Mar 13 10:19:51 mnecas kernel: [    0.878226] pcieport 0000:00:03.5: AER: enabled with IRQ 37
Mar 13 10:19:51 mnecas kernel: [    0.878385] shpchp: Standard Hot Plug PCI Controller Driver version: 0.4
Mar 13 10:19:51 mnecas kernel: [    0.878428] vesafb: mode is 640x480x32, linelength=2560, pages=0
Mar 13 10:19:51 mnecas kernel: [    0.878429] vesafb: scrolling: redraw
Mar 13 10:19:51 mnecas kernel: [    0.878430] vesafb: Truecolor: size=8:8:8:8, shift=24:16:8:0
Mar 13 10:19:51 mnecas kernel: [    0.878435] vesafb: framebuffer at 0xfc000000, mapped to 0x00000000c46ad353, using 1216k, total 1216k
Mar 13 10:19:51 mnecas kernel: [    0.878512] Console: switching to colour frame buffer device 80x30
Mar 13 10:19:51 mnecas kernel: [    0.879034] fb0: VESA VGA frame buffer device
Mar 13 10:19:51 mnecas kernel: [    0.879049] intel_idle: does not run on family 6 model 170
Mar 13 10:19:51 mnecas kernel: [    0.879104] input: Power Button as /devices/LNXSYSTM:00/LNXPWRBN:00/input/input0
Mar 13 10:19:51 mnecas kernel: [    0.879139] ACPI: Power Button [PWRF]
Mar 13 10:19:51 mnecas kernel: [    0.879435] PCI Interrupt Link [GSIF] enabled at IRQ 21
Mar 13 10:19:51 mnecas kernel: [    0.891068] Serial: 8250/16550 driver, 32 ports, IRQ sharing enabled
Mar 13 10:19:51 mnecas kernel: [    0.913134] 00:00: ttyS0 at I/O 0x3f8 (irq = 4, base_baud = 115200) is a 16550A
Mar 13 10:19:51 mnecas kernel: [    0.940279] Linux agpgart interface v0.103
Mar 13 10:19:51 mnecas kernel: [    1.065581] loop: module loaded
Mar 13 10:19:51 mnecas kernel: [    1.066393] tun: Universal TUN/TAP device driver, 1.6
Mar 13 10:19:51 mnecas kernel: [    1.066773] PPP generic driver version 2.4.2
Mar 13 10:19:51 mnecas kernel: [    1.067158] VFIO - User Level meta-driver version: 0.3
Mar 13 10:19:51 mnecas kernel: [    1.067505] ehci_hcd: USB 2.0 'Enhanced' Host Controller (EHCI) Driver
Mar 13 10:19:51 mnecas kernel: [    1.067816] ehci-pci: EHCI PCI platform driver
Mar 13 10:19:51 mnecas kernel: [    1.068124] ehci-platform: EHCI generic platform driver
Mar 13 10:19:51 mnecas kernel: [    1.068428] ohci_hcd: USB 1.1 'Open' Host Controller (OHCI) Driver
Mar 13 10:19:51 mnecas kernel: [    1.068739] ohci-pci: OHCI PCI platform driver
Mar 13 10:19:51 mnecas kernel: [    1.069049] ohci-platform: OHCI generic platform driver
Mar 13 10:19:51 mnecas kernel: [    1.069361] uhci_hcd: USB Universal Host Controller Interface driver
Mar 13 10:19:51 mnecas kernel: [    1.070950] xhci_hcd 0000:02:00.0: xHCI Host Controller
Mar 13 10:19:51 mnecas kernel: [    1.071287] xhci_hcd 0000:02:00.0: new USB bus registered, assigned bus number 1
Mar 13 10:19:51 mnecas kernel: [    1.072219] xhci_hcd 0000:02:00.0: hcc params 0x00087001 hci version 0x100 quirks 0x0000000000000010
Mar 13 10:19:51 mnecas kernel: [    1.073615] xhci_hcd 0000:02:00.0: xHCI Host Controller
Mar 13 10:19:51 mnecas kernel: [    1.073963] xhci_hcd 0000:02:00.0: new USB bus registered, assigned bus number 2
Mar 13 10:19:51 mnecas kernel: [    1.074627] xhci_hcd 0000:02:00.0: Host supports USB 3.0 SuperSpeed
Mar 13 10:19:51 mnecas kernel: [    1.075037] usb usb1: New USB device found, idVendor=1d6b, idProduct=0002, bcdDevice= 5.04
Mar 13 10:19:51 mnecas kernel: [    1.075711] usb usb1: New USB device strings: Mfr=3, Product=2, SerialNumber=1
Mar 13 10:19:51 mnecas kernel: [    1.076398] usb usb1: Product: xHCI Host Controller
Mar 13 10:19:51 mnecas kernel: [    1.076770] usb usb1: Manufacturer: Linux 5.4.0-216-generic xhci-hcd
Mar 13 10:19:51 mnecas kernel: [    1.077123] usb usb1: SerialNumber: 0000:02:00.0
Mar 13 10:19:51 mnecas kernel: [    1.077817] hub 1-0:1.0: USB hub found
Mar 13 10:19:51 mnecas kernel: [    1.078238] hub 1-0:1.0: 15 ports detected
Mar 13 10:19:51 mnecas kernel: [    1.079073] usb usb2: We don't know the algorithms for LPM for this host, disabling LPM.
Mar 13 10:19:51 mnecas kernel: [    1.079751] usb usb2: New USB device found, idVendor=1d6b, idProduct=0003, bcdDevice= 5.04
Mar 13 10:19:51 mnecas kernel: [    1.080437] usb usb2: New USB device strings: Mfr=3, Product=2, SerialNumber=1
Mar 13 10:19:51 mnecas kernel: [    1.081172] usb usb2: Product: xHCI Host Controller
Mar 13 10:19:51 mnecas kernel: [    1.081521] usb usb2: Manufacturer: Linux 5.4.0-216-generic xhci-hcd
Mar 13 10:19:51 mnecas kernel: [    1.081971] usb usb2: SerialNumber: 0000:02:00.0
Mar 13 10:19:51 mnecas kernel: [    1.082453] hub 2-0:1.0: USB hub found
Mar 13 10:19:51 mnecas kernel: [    1.082897] hub 2-0:1.0: 15 ports detected
Mar 13 10:19:51 mnecas kernel: [    1.083803] i8042: PNP: PS/2 Controller [PNP0303:KBD,PNP0f13:MOU] at 0x60,0x64 irq 1,12
Mar 13 10:19:51 mnecas kernel: [    1.085153] serio: i8042 KBD port at 0x60,0x64 irq 1
Mar 13 10:19:51 mnecas kernel: [    1.085506] serio: i8042 AUX port at 0x60,0x64 irq 12
Mar 13 10:19:51 mnecas kernel: [    1.086034] mousedev: PS/2 mouse device common for all mice
Mar 13 10:19:51 mnecas kernel: [    1.086957] rtc_cmos 00:03: RTC can wake from S4
Mar 13 10:19:51 mnecas kernel: [    1.087764] input: AT Translated Set 2 keyboard as /devices/platform/i8042/serio0/input/input1
Mar 13 10:19:51 mnecas kernel: [    1.088624] rtc_cmos 00:03: registered as rtc0
Mar 13 10:19:51 mnecas kernel: [    1.088978] rtc_cmos 00:03: alarms up to one day, y3k, 242 bytes nvram
Mar 13 10:19:51 mnecas kernel: [    1.089316] i2c /dev entries driver
Mar 13 10:19:51 mnecas kernel: [    1.089734] device-mapper: uevent: version 1.0.3
Mar 13 10:19:51 mnecas kernel: [    1.090260] device-mapper: ioctl: 4.41.0-ioctl (2019-09-16) initialised: dm-devel@redhat.com
Mar 13 10:19:51 mnecas kernel: [    1.090937] platform eisa.0: Probing EISA bus 0
Mar 13 10:19:51 mnecas kernel: [    1.091262] platform eisa.0: EISA: Cannot allocate resource for mainboard
Mar 13 10:19:51 mnecas kernel: [    1.091592] platform eisa.0: Cannot allocate resource for EISA slot 1
Mar 13 10:19:51 mnecas kernel: [    1.091934] platform eisa.0: Cannot allocate resource for EISA slot 2
Mar 13 10:19:51 mnecas kernel: [    1.092292] platform eisa.0: Cannot allocate resource for EISA slot 3
Mar 13 10:19:51 mnecas kernel: [    1.092639] platform eisa.0: Cannot allocate resource for EISA slot 4
Mar 13 10:19:51 mnecas kernel: [    1.092947] platform eisa.0: Cannot allocate resource for EISA slot 5
Mar 13 10:19:51 mnecas kernel: [    1.093234] platform eisa.0: Cannot allocate resource for EISA slot 6
Mar 13 10:19:51 mnecas kernel: [    1.093510] platform eisa.0: Cannot allocate resource for EISA slot 7
Mar 13 10:19:51 mnecas kernel: [    1.093833] platform eisa.0: Cannot allocate resource for EISA slot 8
Mar 13 10:19:51 mnecas kernel: [    1.094079] platform eisa.0: EISA: Detected 0 cards
Mar 13 10:19:51 mnecas kernel: [    1.094323] intel_pstate: CPU model not supported
Mar 13 10:19:51 mnecas kernel: [    1.094612] ledtrig-cpu: registered to indicate activity on CPUs
Mar 13 10:19:51 mnecas kernel: [    1.094946] drop_monitor: Initializing network drop monitor service
Mar 13 10:19:51 mnecas kernel: [    1.095338] NET: Registered protocol family 10
Mar 13 10:19:51 mnecas kernel: [    1.099796] Segment Routing with IPv6
Mar 13 10:19:51 mnecas kernel: [    1.100046] NET: Registered protocol family 17
Mar 13 10:19:51 mnecas kernel: [    1.100316] Key type dns_resolver registered
Mar 13 10:19:51 mnecas kernel: [    1.100774] RAS: Correctable Errors collector initialized.
Mar 13 10:19:51 mnecas kernel: [    1.101035] IPI shorthand broadcast: enabled
Mar 13 10:19:51 mnecas kernel: [    1.101299] sched_clock: Marking stable (1099213075, 1528525)->(1178665425, -77923825)
Mar 13 10:19:51 mnecas kernel: [    1.101985] registered taskstats version 1
Mar 13 10:19:51 mnecas kernel: [    1.102246] Loading compiled-in X.509 certificates
Mar 13 10:19:51 mnecas kernel: [    1.103904] Loaded X.509 cert 'Build time autogenerated kernel key: 14c36717ad359583ee32ae03fbd4065176a861b3'
Mar 13 10:19:51 mnecas kernel: [    1.104876] Loaded X.509 cert 'Canonical Ltd. Live Patch Signing: 14df34d1a87cf37625abec039ef2bf521249b969'
Mar 13 10:19:51 mnecas kernel: [    1.105866] Loaded X.509 cert 'Canonical Ltd. Kernel Module Signing: 88f752e560a1e0737e31163a466ad7b70a850c19'
Mar 13 10:19:51 mnecas kernel: [    1.106409] blacklist: Loading compiled-in revocation X.509 certificates
Mar 13 10:19:51 mnecas kernel: [    1.106722] Loaded X.509 cert 'Canonical Ltd. Secure Boot Signing: 61482aa2830d0ab2ad5af10b7250da9033ddcef0'
Mar 13 10:19:51 mnecas kernel: [    1.107320] Loaded X.509 cert 'Canonical Ltd. Secure Boot Signing (2017): 242ade75ac4a15e50d50c84b0d45ff3eae707a03'
Mar 13 10:19:51 mnecas kernel: [    1.107970] Loaded X.509 cert 'Canonical Ltd. Secure Boot Signing (ESM 2018): 365188c1d374d6b07c3c8f240f8ef722433d6a8b'
Mar 13 10:19:51 mnecas kernel: [    1.108662] Loaded X.509 cert 'Canonical Ltd. Secure Boot Signing (2019): c0746fd6c5da3ae827864651ad66ae47fe24b3e8'
Mar 13 10:19:51 mnecas kernel: [    1.109417] Loaded X.509 cert 'Canonical Ltd. Secure Boot Signing (2021 v1): a8d54bbb3825cfb94fa13c9f8a594a195c107b8d'
Mar 13 10:19:51 mnecas kernel: [    1.110309] Loaded X.509 cert 'Canonical Ltd. Secure Boot Signing (2021 v2): 4cf046892d6fd3c9a5b03f98d845f90851dc6a8c'
Mar 13 10:19:51 mnecas kernel: [    1.111111] Loaded X.509 cert 'Canonical Ltd. Secure Boot Signing (2021 v3): 100437bb6de6e469b581e61cd66bce3ef4ed53af'
Mar 13 10:19:51 mnecas kernel: [    1.111939] Loaded X.509 cert 'Canonical Ltd. Secure Boot Signing (Ubuntu Core 2019): c1d57b8f6b743f23ee41f4f7ee292f06eecadfb9'
Mar 13 10:19:51 mnecas kernel: [    1.112815] zswap: loaded using pool lzo/zbud
Mar 13 10:19:51 mnecas kernel: [    1.113390] Key type ._fscrypt registered
Mar 13 10:19:51 mnecas kernel: [    1.113866] Key type .fscrypt registered
Mar 13 10:19:51 mnecas kernel: [    1.119719] Key type big_key registered
Mar 13 10:19:51 mnecas kernel: [    1.122866] Key type encrypted registered
Mar 13 10:19:51 mnecas kernel: [    1.123512] AppArmor: AppArmor sha1 policy hashing enabled
Mar 13 10:19:51 mnecas kernel: [    1.124182] ima: No TPM chip found, activating TPM-bypass!
Mar 13 10:19:51 mnecas kernel: [    1.124819] ima: Allocated hash algorithm: sha1
Mar 13 10:19:51 mnecas kernel: [    1.125431] ima: No architecture policies found
Mar 13 10:19:51 mnecas kernel: [    1.126078] evm: Initialising EVM extended attributes:
Mar 13 10:19:51 mnecas kernel: [    1.126680] evm: security.selinux
Mar 13 10:19:51 mnecas kernel: [    1.127278] evm: security.SMACK64
Mar 13 10:19:51 mnecas kernel: [    1.127764] evm: security.SMACK64EXEC
Mar 13 10:19:51 mnecas kernel: [    1.128196] evm: security.SMACK64TRANSMUTE
Mar 13 10:19:51 mnecas kernel: [    1.128604] evm: security.SMACK64MMAP
Mar 13 10:19:51 mnecas kernel: [    1.129015] evm: security.apparmor
Mar 13 10:19:51 mnecas kernel: [    1.129406] evm: security.ima
Mar 13 10:19:51 mnecas kernel: [    1.129873] evm: security.capability
Mar 13 10:19:51 mnecas kernel: [    1.130250] evm: HMAC attrs: 0x1
Mar 13 10:19:51 mnecas kernel: [    1.132008] PM:   Magic number: 2:289:325
Mar 13 10:19:51 mnecas kernel: [    1.132482] pcieport 0000:00:02.4: hash matches
Mar 13 10:19:51 mnecas kernel: [    1.133128] rtc_cmos 00:03: setting system clock to 2026-03-13T10:19:45 UTC (1773397185)
Mar 13 10:19:51 mnecas kernel: [    1.134141] clk: Disabling unused clocks
Mar 13 10:19:51 mnecas kernel: [    1.139286] Freeing unused decrypted memory: 2040K
Mar 13 10:19:51 mnecas kernel: [    1.140328] Freeing unused kernel image memory: 2772K
Mar 13 10:19:51 mnecas kernel: [    1.153596] Write protecting the kernel read-only data: 26624k
Mar 13 10:19:51 mnecas kernel: [    1.154853] Freeing unused kernel image memory: 2036K
Mar 13 10:19:51 mnecas kernel: [    1.155397] Freeing unused kernel image memory: 916K
Mar 13 10:19:51 mnecas kernel: [    1.165249] x86/mm: Checked W+X mappings: passed, no W+X pages found.
Mar 13 10:19:51 mnecas kernel: [    1.165514] Run /init as init process
Mar 13 10:19:51 mnecas kernel: [    1.241886] virtio_blk virtio3: [vda] 52428800 512-byte logical blocks (26.8 GB/25.0 GiB)
Mar 13 10:19:51 mnecas kernel: [    1.246874]  vda: vda1 vda2 vda3
Mar 13 10:19:51 mnecas kernel: [    1.253141] lpc_ich 0000:00:1f.0: I/O space for GPIO uninitialized
Mar 13 10:19:51 mnecas kernel: [    1.254896] [drm] pci: virtio-vga detected at 0000:00:01.0
Mar 13 10:19:51 mnecas kernel: [    1.255181] virtio-pci 0000:00:01.0: remove_conflicting_pci_framebuffers: bar 0: 0xfc000000 -> 0xfc7fffff
Mar 13 10:19:51 mnecas kernel: [    1.255750] virtio-pci 0000:00:01.0: remove_conflicting_pci_framebuffers: bar 2: 0xe1c00000000 -> 0xe1c00003fff
Mar 13 10:19:51 mnecas kernel: [    1.256363] virtio-pci 0000:00:01.0: remove_conflicting_pci_framebuffers: bar 4: 0xfea14000 -> 0xfea14fff
Mar 13 10:19:51 mnecas kernel: [    1.256958] checking generic (fc000000 130000) vs hw (fc000000 800000)
Mar 13 10:19:51 mnecas kernel: [    1.256959] fb0: switching to virtiodrmfb from VESA VGA
Mar 13 10:19:51 mnecas kernel: [    1.257356] Console: switching to colour dummy device 80x25
Mar 13 10:19:51 mnecas kernel: [    1.257380] ahci 0000:00:1f.2: version 3.0
Mar 13 10:19:51 mnecas kernel: [    1.257396] virtio-pci 0000:00:01.0: vgaarb: deactivate vga console
Mar 13 10:19:51 mnecas kernel: [    1.257410] [drm] virgl 3d acceleration not supported by host
Mar 13 10:19:51 mnecas kernel: [    1.257411] [drm] EDID support available.
Mar 13 10:19:51 mnecas kernel: [    1.257813] PCI Interrupt Link [GSIA] enabled at IRQ 16
Mar 13 10:19:51 mnecas kernel: [    1.258224] [TTM] Zone  kernel: Available graphics memory: 2006974 KiB
Mar 13 10:19:51 mnecas kernel: [    1.258226] [TTM] Initializing pool allocator
Mar 13 10:19:51 mnecas kernel: [    1.258230] [TTM] Initializing DMA pool allocator
Mar 13 10:19:51 mnecas kernel: [    1.258253] [drm] number of scanouts: 1
Mar 13 10:19:51 mnecas kernel: [    1.258260] [drm] number of cap sets: 0
Mar 13 10:19:51 mnecas kernel: [    1.258565] ahci 0000:00:1f.2: AHCI 0001.0000 32 slots 6 ports 1.5 Gbps 0x3f impl SATA mode
Mar 13 10:19:51 mnecas kernel: [    1.258569] ahci 0000:00:1f.2: flags: 64bit ncq only 
Mar 13 10:19:51 mnecas kernel: [    1.258815] [drm] Initialized virtio_gpu 0.1.0 0 for virtio0 on minor 0
Mar 13 10:19:51 mnecas kernel: [    1.262631] i801_smbus 0000:00:1f.3: SMBus using PCI interrupt
Mar 13 10:19:51 mnecas kernel: [    1.264262] Console: switching to colour frame buffer device 160x50
Mar 13 10:19:51 mnecas kernel: [    1.275983] virtio_gpu virtio0: fb0: virtio_gpudrmfb frame buffer device
Mar 13 10:19:51 mnecas kernel: [    1.285047] scsi host0: ahci
Mar 13 10:19:51 mnecas kernel: [    1.286728] scsi host1: ahci
Mar 13 10:19:51 mnecas kernel: [    1.286872] scsi host2: ahci
Mar 13 10:19:51 mnecas kernel: [    1.290541] scsi host3: ahci
Mar 13 10:19:51 mnecas kernel: [    1.290796] cryptd: max_cpu_qlen set to 1000
Mar 13 10:19:51 mnecas kernel: [    1.290811] scsi host4: ahci
Mar 13 10:19:51 mnecas kernel: [    1.299462] scsi host5: ahci
Mar 13 10:19:51 mnecas kernel: [    1.300397] ata1: SATA max UDMA/133 abar m4096@0xfea23000 port 0xfea23100 irq 51
Mar 13 10:19:51 mnecas kernel: [    1.300430] ata2: SATA max UDMA/133 abar m4096@0xfea23000 port 0xfea23180 irq 51
Mar 13 10:19:51 mnecas kernel: [    1.300450] ata3: SATA max UDMA/133 abar m4096@0xfea23000 port 0xfea23200 irq 51
Mar 13 10:19:51 mnecas kernel: [    1.300469] ata4: SATA max UDMA/133 abar m4096@0xfea23000 port 0xfea23280 irq 51
Mar 13 10:19:51 mnecas kernel: [    1.300486] ata5: SATA max UDMA/133 abar m4096@0xfea23000 port 0xfea23300 irq 51
Mar 13 10:19:51 mnecas kernel: [    1.300503] ata6: SATA max UDMA/133 abar m4096@0xfea23000 port 0xfea23380 irq 51
Mar 13 10:19:51 mnecas kernel: [    1.302257] AVX2 version of gcm_enc/dec engaged.
Mar 13 10:19:51 mnecas kernel: [    1.302268] AES CTR mode by8 optimization enabled
Mar 13 10:19:51 mnecas kernel: [    1.325159] virtio_net virtio1 enp1s0: renamed from eth0
Mar 13 10:19:51 mnecas kernel: [    1.333616] usb 1-1: new high-speed USB device number 2 using xhci_hcd
Mar 13 10:19:51 mnecas kernel: [    1.486125] usb 1-1: New USB device found, idVendor=0627, idProduct=0001, bcdDevice= 0.00
Mar 13 10:19:51 mnecas kernel: [    1.486151] usb 1-1: New USB device strings: Mfr=1, Product=3, SerialNumber=10
Mar 13 10:19:51 mnecas kernel: [    1.486164] usb 1-1: Product: QEMU USB Tablet
Mar 13 10:19:51 mnecas kernel: [    1.486174] usb 1-1: Manufacturer: QEMU
Mar 13 10:19:51 mnecas kernel: [    1.486182] usb 1-1: SerialNumber: 28754-0000:00:02.1:00.0-1
Mar 13 10:19:51 mnecas kernel: [    1.494201] hidraw: raw HID events driver (C) Jiri Kosina
Mar 13 10:19:51 mnecas kernel: [    1.616364] ata1: SATA link up 1.5 Gbps (SStatus 113 SControl 300)
Mar 13 10:19:51 mnecas kernel: [    1.616891] ata1.00: ATAPI: QEMU DVD-ROM, 2.5+, max UDMA/100
Mar 13 10:19:51 mnecas kernel: [    1.617199] ata1.00: applying bridge limits
Mar 13 10:19:51 mnecas kernel: [    1.617600] ata1.00: configured for UDMA/100
Mar 13 10:19:51 mnecas kernel: [    1.618225] ata2: SATA link down (SStatus 0 SControl 300)
Mar 13 10:19:51 mnecas kernel: [    1.618809] scsi 0:0:0:0: CD-ROM            QEMU     QEMU DVD-ROM     2.5+ PQ: 0 ANSI: 5
Mar 13 10:19:51 mnecas kernel: [    1.620313] ata3: SATA link down (SStatus 0 SControl 300)
Mar 13 10:19:51 mnecas kernel: [    1.621826] ata4: SATA link down (SStatus 0 SControl 300)
Mar 13 10:19:51 mnecas kernel: [    1.624978] ata5: SATA link down (SStatus 0 SControl 300)
Mar 13 10:19:51 mnecas kernel: [    1.629108] ata6: SATA link down (SStatus 0 SControl 300)
Mar 13 10:19:51 mnecas kernel: [    1.649856] sr 0:0:0:0: [sr0] scsi3-mmc drive: 4x/4x cd/rw xa/form2 tray
Mar 13 10:19:51 mnecas kernel: [    1.650164] cdrom: Uniform CD-ROM driver Revision: 3.20
Mar 13 10:19:51 mnecas kernel: [    1.689677] sr 0:0:0:0: Attached scsi CD-ROM sr0
Mar 13 10:19:51 mnecas kernel: [    1.689832] sr 0:0:0:0: Attached scsi generic sg0 type 5
Mar 13 10:19:51 mnecas kernel: [    1.701518] usbcore: registered new interface driver usbhid
Mar 13 10:19:51 mnecas kernel: [    1.701907] usbhid: USB HID core driver
Mar 13 10:19:51 mnecas kernel: [    1.705472] input: QEMU QEMU USB Tablet as /devices/pci0000:00/0000:00:02.1/0000:02:00.0/usb1/1-1/1-1:1.0/0003:0627:0001.0001/input/input4
Mar 13 10:19:51 mnecas kernel: [    1.706722] hid-generic 0003:0627:0001.0001: input,hidraw0: USB HID v0.01 Mouse [QEMU QEMU USB Tablet] on usb-0000:02:00.0-1/input0
Mar 13 10:19:51 mnecas kernel: [    2.025550] raid6: avx2x4   gen() 23686 MB/s
Mar 13 10:19:51 mnecas kernel: [    2.073567] raid6: avx2x4   xor() 10902 MB/s
Mar 13 10:19:51 mnecas kernel: [    2.121550] raid6: avx2x2   gen() 22176 MB/s
Mar 13 10:19:51 mnecas kernel: [    2.169557] raid6: avx2x2   xor() 18381 MB/s
Mar 13 10:19:51 mnecas kernel: [    2.217553] raid6: avx2x1   gen() 20656 MB/s
Mar 13 10:19:51 mnecas kernel: [    2.265553] raid6: avx2x1   xor() 16084 MB/s
Mar 13 10:19:51 mnecas kernel: [    2.313543] raid6: sse2x4   gen() 16915 MB/s
Mar 13 10:19:51 mnecas kernel: [    2.342882] input: ImExPS/2 Generic Explorer Mouse as /devices/platform/i8042/serio1/input/input3
Mar 13 10:19:51 mnecas kernel: [    2.361542] raid6: sse2x4   xor()  7452 MB/s
Mar 13 10:19:51 mnecas kernel: [    2.409544] raid6: sse2x2   gen() 15663 MB/s
Mar 13 10:19:51 mnecas kernel: [    2.457552] raid6: sse2x2   xor()  9911 MB/s
Mar 13 10:19:51 mnecas kernel: [    2.505557] raid6: sse2x1   gen() 16458 MB/s
Mar 13 10:19:51 mnecas kernel: [    2.553552] raid6: sse2x1   xor() 13854 MB/s
Mar 13 10:19:51 mnecas kernel: [    2.553708] raid6: using algorithm avx2x4 gen() 23686 MB/s
Mar 13 10:19:51 mnecas kernel: [    2.553834] raid6: .... xor() 10902 MB/s, rmw enabled
Mar 13 10:19:51 mnecas kernel: [    2.553958] raid6: using avx2x2 recovery algorithm
Mar 13 10:19:51 mnecas kernel: [    2.555827] xor: automatically using best checksumming function   avx       
Mar 13 10:19:51 mnecas kernel: [    2.558098] async_tx: api initialized (async)
Mar 13 10:19:51 mnecas kernel: [    2.656400] Btrfs loaded, crc32c=crc32c-intel
Mar 13 10:19:51 mnecas kernel: [    2.810186] EXT4-fs (dm-0): mounted filesystem with ordered data mode. Opts: (null)
Mar 13 10:19:51 mnecas kernel: [    2.927490] systemd[1]: Inserted module 'autofs4'
Mar 13 10:19:51 mnecas kernel: [    2.938925] systemd[1]: systemd 245.4-4ubuntu3.20 running in system mode. (+PAM +AUDIT +SELINUX +IMA +APPARMOR +SMACK +SYSVINIT +UTMP +LIBCRYPTSETUP +GCRYPT +GNUTLS +ACL +XZ +LZ4 +SECCOMP +BLKID +ELFUTILS +KMOD +IDN2 -IDN +PCRE2 default-hierarchy=hybrid)
Mar 13 10:19:51 mnecas kernel: [    2.939604] systemd[1]: Detected virtualization kvm.
Mar 13 10:19:51 mnecas kernel: [    2.939918] systemd[1]: Detected architecture x86-64.
Mar 13 10:19:51 mnecas kernel: [    2.953978] systemd[1]: Set hostname to <mnecas>.
Mar 13 10:19:51 mnecas kernel: [    3.126222] systemd[1]: Configuration file /run/systemd/system/netplan-ovs-cleanup.service is marked world-inaccessible. This has no effect as configuration data is accessible via APIs without restrictions. Proceeding anyway.
Mar 13 10:19:51 mnecas kernel: [    3.177505] systemd[1]: Created slice system-modprobe.slice.
Mar 13 10:19:51 mnecas kernel: [    3.183873] systemd[1]: Created slice system-systemd\x2dfsck.slice.
Mar 13 10:19:51 mnecas kernel: [    3.184721] systemd[1]: Created slice User and Session Slice.
Mar 13 10:19:51 mnecas kernel: [    3.185431] systemd[1]: Started Forward Password Requests to Wall Directory Watch.
Mar 13 10:19:51 mnecas kernel: [    3.186416] systemd[1]: Set up automount Arbitrary Executable File Formats File System Automount Point.
Mar 13 10:19:51 mnecas kernel: [    3.187202] systemd[1]: Reached target User and Group Name Lookups.
Mar 13 10:19:51 mnecas kernel: [    3.187906] systemd[1]: Reached target Slices.
Mar 13 10:19:51 mnecas kernel: [    3.188582] systemd[1]: Reached target Mounting snaps.
Mar 13 10:19:51 mnecas kernel: [    3.189361] systemd[1]: Listening on Device-mapper event daemon FIFOs.
Mar 13 10:19:51 mnecas kernel: [    3.195727] systemd[1]: Listening on LVM2 poll daemon socket.
Mar 13 10:19:51 mnecas kernel: [    3.196765] systemd[1]: Listening on multipathd control socket.
Mar 13 10:19:51 mnecas kernel: [    3.197877] systemd[1]: Listening on Syslog Socket.
Mar 13 10:19:51 mnecas kernel: [    3.198891] systemd[1]: Listening on fsck to fsckd communication Socket.
Mar 13 10:19:51 mnecas kernel: [    3.199846] systemd[1]: Listening on initctl Compatibility Named Pipe.
Mar 13 10:19:51 mnecas kernel: [    3.200813] systemd[1]: Listening on Journal Audit Socket.
Mar 13 10:19:51 mnecas kernel: [    3.206802] systemd[1]: Listening on Journal Socket (/dev/log).
Mar 13 10:19:51 mnecas kernel: [    3.208038] systemd[1]: Listening on Journal Socket.
Mar 13 10:19:51 mnecas kernel: [    3.209283] systemd[1]: Listening on Network Service Netlink Socket.
Mar 13 10:19:51 mnecas kernel: [    3.214404] systemd[1]: Listening on udev Control Socket.
Mar 13 10:19:51 mnecas kernel: [    3.215621] systemd[1]: Listening on udev Kernel Socket.
Mar 13 10:19:51 mnecas kernel: [    3.217721] systemd[1]: Mounting Huge Pages File System...
Mar 13 10:19:51 mnecas kernel: [    3.219352] systemd[1]: Mounting POSIX Message Queue File System...
Mar 13 10:19:51 mnecas kernel: [    3.221264] systemd[1]: Mounting Kernel Debug File System...
Mar 13 10:19:51 mnecas kernel: [    3.228327] systemd[1]: Mounting Kernel Trace File System...
Mar 13 10:19:51 mnecas kernel: [    3.231252] systemd[1]: Starting Journal Service...
Mar 13 10:19:51 mnecas kernel: [    3.238452] systemd[1]: Starting Set the console keyboard layout...
Mar 13 10:19:51 mnecas kernel: [    3.239936] systemd[1]: Starting Create list of static device nodes for the current kernel...
Mar 13 10:19:51 mnecas kernel: [    3.241200] systemd[1]: Starting Monitoring of LVM2 mirrors, snapshots etc. using dmeventd or progress polling...
Mar 13 10:19:51 mnecas kernel: [    3.255142] systemd[1]: Starting Load Kernel Module chromeos_pstore...
Mar 13 10:19:51 mnecas kernel: [    3.257061] systemd[1]: Condition check resulted in Load Kernel Module drm being skipped.
Mar 13 10:19:51 mnecas kernel: [    3.258832] systemd[1]: Starting Load Kernel Module efi_pstore...
Mar 13 10:19:51 mnecas kernel: [    3.267976] systemd[1]: Starting Load Kernel Module pstore_blk...
Mar 13 10:19:51 mnecas kernel: [    3.269260] systemd[1]: Starting Load Kernel Module pstore_zone...
Mar 13 10:19:51 mnecas kernel: [    3.289212] systemd[1]: Starting Load Kernel Module ramoops...
Mar 13 10:19:51 mnecas kernel: [    3.295088] systemd[1]: Condition check resulted in OpenVSwitch configuration for cleanup being skipped.
Mar 13 10:19:51 mnecas kernel: [    3.301619] systemd[1]: Condition check resulted in Set Up Additional Binary Formats being skipped.
Mar 13 10:19:51 mnecas kernel: [    3.302005] systemd[1]: Condition check resulted in File System Check on Root Device being skipped.
Mar 13 10:19:51 mnecas kernel: [    3.304519] systemd[1]: Starting Load Kernel Modules...
Mar 13 10:19:51 mnecas kernel: [    3.312834] systemd[1]: Starting Remount Root and Kernel File Systems...
Mar 13 10:19:51 mnecas kernel: [    3.314251] systemd[1]: Starting udev Coldplug all Devices...
Mar 13 10:19:51 mnecas kernel: [    3.315530] systemd[1]: Starting Uncomplicated firewall...
Mar 13 10:19:51 mnecas kernel: [    3.317473] systemd[1]: Mounted Huge Pages File System.
Mar 13 10:19:51 mnecas kernel: [    3.322715] EXT4-fs (dm-0): re-mounted. Opts: (null)
Mar 13 10:19:51 mnecas kernel: [    3.343193] systemd[1]: Started Journal Service.
Mar 13 10:19:51 mnecas kernel: [    3.404141] systemd-journald[395]: Received client request to flush runtime journal.
Mar 13 10:19:51 mnecas kernel: [    3.449603] Adding 2344956k swap on /swap.img.  Priority:-2 extents:4 across:2566140k FS
Mar 13 10:19:51 mnecas kernel: [    3.953799] snd_hda_codec_generic hdaudioC0D0: autoconfig for Generic: line_outs=1 (0x3/0x0/0x0/0x0/0x0) type:line
Mar 13 10:19:51 mnecas kernel: [    3.953801] snd_hda_codec_generic hdaudioC0D0:    speaker_outs=0 (0x0/0x0/0x0/0x0/0x0)
Mar 13 10:19:51 mnecas kernel: [    3.953801] snd_hda_codec_generic hdaudioC0D0:    hp_outs=0 (0x0/0x0/0x0/0x0/0x0)
Mar 13 10:19:51 mnecas kernel: [    3.953802] snd_hda_codec_generic hdaudioC0D0:    mono: mono_out=0x0
Mar 13 10:19:51 mnecas kernel: [    3.953802] snd_hda_codec_generic hdaudioC0D0:    inputs:
Mar 13 10:19:51 mnecas kernel: [    3.953803] snd_hda_codec_generic hdaudioC0D0:      Line=0x5
Mar 13 10:19:51 mnecas kernel: [    4.103901] alua: device handler registered
Mar 13 10:19:51 mnecas kernel: [    4.104765] emc: device handler registered
Mar 13 10:19:51 mnecas kernel: [    4.106132] rdac: device handler registered
Mar 13 10:19:51 mnecas kernel: [    4.213356] EXT4-fs (vda2): mounted filesystem with ordered data mode. Opts: (null)
Mar 13 10:19:51 mnecas kernel: [    4.401019] audit: type=1400 audit(1773397188.764:2): apparmor="STATUS" operation="profile_load" profile="unconfined" name="nvidia_modprobe" pid=602 comm="apparmor_parser"
Mar 13 10:19:51 mnecas kernel: [    4.410075] audit: type=1400 audit(1773397188.776:3): apparmor="STATUS" operation="profile_load" profile="unconfined" name="nvidia_modprobe//kmod" pid=602 comm="apparmor_parser"
Mar 13 10:19:51 mnecas kernel: [    4.539742] audit: type=1400 audit(1773397188.904:4): apparmor="STATUS" operation="profile_load" profile="unconfined" name="/usr/sbin/tcpdump" pid=603 comm="apparmor_parser"
Mar 13 10:19:51 mnecas kernel: [    4.580673] audit: type=1400 audit(1773397188.944:5): apparmor="STATUS" operation="profile_load" profile="unconfined" name="lsb_release" pid=609 comm="apparmor_parser"
Mar 13 10:19:51 mnecas kernel: [    4.595824] audit: type=1400 audit(1773397188.960:6): apparmor="STATUS" operation="profile_load" profile="unconfined" name="/usr/lib/snapd/snap-confine" pid=608 comm="apparmor_parser"
Mar 13 10:19:51 mnecas kernel: [    4.595827] audit: type=1400 audit(1773397188.960:7): apparmor="STATUS" operation="profile_load" profile="unconfined" name="/usr/lib/snapd/snap-confine//mount-namespace-capture-helper" pid=608 comm="apparmor_parser"
Mar 13 10:19:51 mnecas kernel: [    4.622828] audit: type=1400 audit(1773397188.988:8): apparmor="STATUS" operation="profile_load" profile="unconfined" name="/usr/bin/man" pid=642 comm="apparmor_parser"
Mar 13 10:19:51 mnecas kernel: [    4.623088] audit: type=1400 audit(1773397188.988:9): apparmor="STATUS" operation="profile_load" profile="unconfined" name="man_filter" pid=642 comm="apparmor_parser"
Mar 13 10:19:51 mnecas kernel: [    4.623259] audit: type=1400 audit(1773397188.988:10): apparmor="STATUS" operation="profile_load" profile="unconfined" name="man_groff" pid=642 comm="apparmor_parser"
Mar 13 10:19:51 mnecas kernel: [    5.094809] kauditd_printk_skb: 10 callbacks suppressed
Mar 13 10:19:51 mnecas kernel: [    5.094810] audit: type=1400 audit(1773397189.460:21): apparmor="STATUS" operation="profile_load" profile="unconfined" name="snap.lxd.daemon" pid=799 comm="apparmor_parser"
Mar 13 10:19:51 mnecas kernel: [    5.118093] audit: type=1400 audit(1773397189.484:22): apparmor="STATUS" operation="profile_load" profile="unconfined" name="snap.lxd.check-kernel" pid=797 comm="apparmor_parser"
Mar 13 10:19:51 mnecas kernel: [    5.188185] audit: type=1400 audit(1773397189.552:23): apparmor="STATUS" operation="profile_load" profile="unconfined" name="snap.lxd.hook.install" pid=804 comm="apparmor_parser"
Mar 13 10:19:51 mnecas kernel: [    5.377350] audit: type=1400 audit(1773397189.740:24): apparmor="STATUS" operation="profile_load" profile="unconfined" name="snap.lxd.hook.remove" pid=806 comm="apparmor_parser"
Mar 13 10:19:51 mnecas kernel: [    5.400306] audit: type=1400 audit(1773397189.764:25): apparmor="STATUS" operation="profile_load" profile="unconfined" name="snap.lxd.hook.configure" pid=803 comm="apparmor_parser"
Mar 13 10:19:51 mnecas kernel: [    5.493348] audit: type=1400 audit(1773397189.856:26): apparmor="STATUS" operation="profile_load" profile="unconfined" name="snap.lxd.lxc-to-lxd" pid=811 comm="apparmor_parser"
Mar 13 10:19:51 mnecas kernel: [    5.517813] audit: type=1400 audit(1773397189.884:27): apparmor="STATUS" operation="profile_load" profile="unconfined" name="snap.lxd.lxc" pid=810 comm="apparmor_parser"
Mar 13 10:19:51 mnecas kernel: [    5.569888] audit: type=1400 audit(1773397189.936:28): apparmor="STATUS" operation="profile_load" profile="unconfined" name="snap.lxd.lxd" pid=812 comm="apparmor_parser"
Mar 13 10:19:51 mnecas kernel: [    5.651020] audit: type=1400 audit(1773397190.016:29): apparmor="STATUS" operation="profile_load" profile="unconfined" name="snap.lxd.migrate" pid=813 comm="apparmor_parser"
Mar 13 10:19:51 mnecas systemd-modules-load[409]: Inserted module 'msr'
Mar 13 10:19:51 mnecas lvm[398]:   1 logical volume(s) in volume group "ubuntu-vg" monitored
Mar 13 10:19:51 mnecas systemd[1]: Mounted POSIX Message Queue File System.
Mar 13 10:19:51 mnecas systemd[1]: Mounted Kernel Debug File System.
Mar 13 10:19:51 mnecas systemd[1]: Mounted Kernel Trace File System.
Mar 13 10:19:51 mnecas systemd[1]: Finished Create list of static device nodes for the current kernel.
Mar 13 10:19:51 mnecas systemd[1]: Finished Monitoring of LVM2 mirrors, snapshots etc. using dmeventd or progress polling.
Mar 13 10:19:51 mnecas systemd[1]: modprobe@chromeos_pstore.service: Succeeded.
Mar 13 10:19:51 mnecas systemd[1]: Finished Load Kernel Module chromeos_pstore.
Mar 13 10:19:51 mnecas systemd[1]: modprobe@efi_pstore.service: Succeeded.
Mar 13 10:19:51 mnecas systemd[1]: Finished Load Kernel Module efi_pstore.
Mar 13 10:19:51 mnecas systemd[1]: modprobe@pstore_blk.service: Succeeded.
Mar 13 10:19:51 mnecas systemd[1]: Finished Load Kernel Module pstore_blk.
Mar 13 10:19:51 mnecas systemd[1]: modprobe@pstore_zone.service: Succeeded.
Mar 13 10:19:51 mnecas systemd[1]: Finished Load Kernel Module pstore_zone.
Mar 13 10:19:51 mnecas systemd[1]: modprobe@ramoops.service: Succeeded.
Mar 13 10:19:51 mnecas systemd[1]: Finished Load Kernel Module ramoops.
Mar 13 10:19:51 mnecas systemd[1]: Finished Load Kernel Modules.
Mar 13 10:19:51 mnecas systemd[1]: Finished Remount Root and Kernel File Systems.
Mar 13 10:19:51 mnecas systemd[1]: Finished Uncomplicated firewall.
Mar 13 10:19:51 mnecas systemd[1]: Activating swap /swap.img...
Mar 13 10:19:51 mnecas systemd[1]: Mounting FUSE Control File System...
Mar 13 10:19:51 mnecas systemd[1]: Mounting Kernel Configuration File System...
Mar 13 10:19:51 mnecas systemd[1]: Condition check resulted in Rebuild Hardware Database being skipped.
Mar 13 10:19:51 mnecas systemd[1]: Starting Flush Journal to Persistent Storage...
Mar 13 10:19:51 mnecas systemd[1]: Condition check resulted in Platform Persistent Storage Archival being skipped.
Mar 13 10:19:51 mnecas systemd[1]: Starting Load/Save Random Seed...
Mar 13 10:19:51 mnecas systemd[1]: Starting Apply Kernel Variables...
Mar 13 10:19:51 mnecas systemd[1]: Starting Create System Users...
Mar 13 10:19:51 mnecas systemd[1]: Mounted FUSE Control File System.
Mar 13 10:19:51 mnecas systemd-sysctl[420]: Not setting net/ipv4/conf/all/promote_secondaries (explicit setting exists).
Mar 13 10:19:51 mnecas systemd-sysctl[420]: Not setting net/ipv4/conf/default/promote_secondaries (explicit setting exists).
Mar 13 10:19:51 mnecas systemd[1]: Finished Set the console keyboard layout.
Mar 13 10:19:51 mnecas systemd[1]: Mounted Kernel Configuration File System.
Mar 13 10:19:51 mnecas systemd[1]: Finished Load/Save Random Seed.
Mar 13 10:19:51 mnecas systemd-sysusers[421]: Creating group systemd-coredump with gid 999.
Mar 13 10:19:51 mnecas systemd-sysusers[421]: Creating user systemd-coredump (systemd Core Dumper) with uid 999 and gid 999.
Mar 13 10:19:51 mnecas systemd[1]: Finished udev Coldplug all Devices.
Mar 13 10:19:51 mnecas systemd[1]: Finished Flush Journal to Persistent Storage.
Mar 13 10:19:51 mnecas systemd[1]: Starting udev Wait for Complete Device Initialization...
Mar 13 10:19:51 mnecas systemd[1]: Finished Apply Kernel Variables.
Mar 13 10:19:51 mnecas systemd[1]: Activated swap /swap.img.
Mar 13 10:19:51 mnecas systemd[1]: Reached target Swap.
Mar 13 10:19:51 mnecas systemd[1]: Finished Create System Users.
Mar 13 10:19:51 mnecas systemd[1]: Starting Create Static Device Nodes in /dev...
Mar 13 10:19:51 mnecas systemd[1]: Finished Create Static Device Nodes in /dev.
Mar 13 10:19:51 mnecas systemd[1]: Starting udev Kernel Device Manager...
Mar 13 10:19:51 mnecas systemd[1]: Started udev Kernel Device Manager.
Mar 13 10:19:51 mnecas systemd[1]: Condition check resulted in Show Plymouth Boot Screen being skipped.
Mar 13 10:19:51 mnecas systemd[1]: Started Dispatch Password Requests to Console Directory Watch.
Mar 13 10:19:51 mnecas systemd[1]: Condition check resulted in Forward Password Requests to Plymouth Directory Watch being skipped.
Mar 13 10:19:51 mnecas systemd[1]: Reached target Local Encrypted Volumes.
Mar 13 10:19:51 mnecas systemd-udevd[443]: Using default interface naming scheme 'v245'.
Mar 13 10:19:51 mnecas systemd-udevd[443]: ethtool: autonegotiation is unset or enabled, the speed and duplex are not writable.
Mar 13 10:19:51 mnecas systemd[1]: Listening on Load/Save RF Kill Switch Status /dev/rfkill Watch.
Mar 13 10:19:51 mnecas systemd-udevd[431]: ethtool: autonegotiation is unset or enabled, the speed and duplex are not writable.
Mar 13 10:19:51 mnecas systemd[1]: proc-sys-fs-binfmt_misc.automount: Got automount request for /proc/sys/fs/binfmt_misc, triggered by 461 (snap)
Mar 13 10:19:51 mnecas systemd[1]: Mounting Arbitrary Executable File Formats File System...
Mar 13 10:19:51 mnecas systemd[1]: Mounted Arbitrary Executable File Formats File System.
Mar 13 10:19:51 mnecas systemd[1]: proc-sys-fs-binfmt_misc.automount: Got automount request for /proc/sys/fs/binfmt_misc, triggered by 461 (snap)
Mar 13 10:19:51 mnecas systemd[1]: proc-sys-fs-binfmt_misc.automount: Automount point already active?
Mar 13 10:19:51 mnecas systemd[1]: proc-sys-fs-binfmt_misc.automount: Got automount request for /proc/sys/fs/binfmt_misc, triggered by 461 (snap)
Mar 13 10:19:51 mnecas systemd[1]: proc-sys-fs-binfmt_misc.automount: Automount point already active?
Mar 13 10:19:51 mnecas systemd[1]: proc-sys-fs-binfmt_misc.automount: Got automount request for /proc/sys/fs/binfmt_misc, triggered by 461 (snap)
Mar 13 10:19:51 mnecas systemd[1]: proc-sys-fs-binfmt_misc.automount: Automount point already active?
Mar 13 10:19:51 mnecas systemd[1]: proc-sys-fs-binfmt_misc.automount: Got automount request for /proc/sys/fs/binfmt_misc, triggered by 461 (snap)
Mar 13 10:19:51 mnecas systemd[1]: proc-sys-fs-binfmt_misc.automount: Automount point already active?
Mar 13 10:19:51 mnecas systemd[1]: proc-sys-fs-binfmt_misc.automount: Got automount request for /proc/sys/fs/binfmt_misc, triggered by 461 (snap)
Mar 13 10:19:51 mnecas systemd[1]: proc-sys-fs-binfmt_misc.automount: Automount point already active?
Mar 13 10:19:51 mnecas systemd[1]: proc-sys-fs-binfmt_misc.automount: Got automount request for /proc/sys/fs/binfmt_misc, triggered by 461 (snap)
Mar 13 10:19:51 mnecas systemd[1]: proc-sys-fs-binfmt_misc.automount: Automount point already active?
Mar 13 10:19:51 mnecas systemd[1]: proc-sys-fs-binfmt_misc.automount: Got automount request for /proc/sys/fs/binfmt_misc, triggered by 461 (snap)
Mar 13 10:19:51 mnecas systemd[1]: proc-sys-fs-binfmt_misc.automount: Automount point already active?
